******************************************************************************
               TMS320C6x Linker Unix v7.0.4                    
******************************************************************************
>> Linked Fri Nov  2 21:15:51 2018

OUTPUT FILE NAME:   <FB_spmcontrol.out>
ENTRY POINT SYMBOL: "_c_int00"  address: 10e0dd00


MEMORY CONFIGURATION

         name            origin    length      used     unused   attr    fill
----------------------  --------  ---------  --------  --------  ----  --------
  L2RAM                 10800000   00020000  00009cc0  00016340  RWIX
  L1PRAM_Vector         10e080a0   00000160  00000160  00000000  R  X
  L1PRAM_Kernel         10e08200   00000e00  00000000  00000e00  R  X
  L1PRAM                10e09000   00007000  00006540  00000ac0  R  X
  L1DRAM_MailBox        10f04000   0000020c  00000000  0000020c  RWI 
  L1DRAM                10f0420c   0000fcf4  0000396a  0000c38a  RWI 
  L1DRAM_M              10f13f00   00000100  00000078  00000088  RWI 
  L1DRAM_V              10f14000   00001000  00000044  00000fbc  RWI 
  L1DRAM_F              10f15000   00002f00  00000002  00002efe  RWI 
  FLASH                 42000000   02000000  00000000  02000000  R   
  ETHER                 44000000   02000000  00000000  02000000  RW  
  FPGA                  46000000   02000000  00000000  02000000  RW  
  DDR2                  80000000   07000000  007a145c  0685eba4  RWI 
  DDR2M                 87000000   00001000  00000000  00001000  RW X
  DDR2V                 87001000   0001f000  00000000  0001f000  RW X
  DDR2F                 87100000   00f00000  00000000  00f00000  RW X


SECTION ALLOCATION MAP

 output                                  attributes/
section   page    origin      length       input sections
--------  ----  ----------  ----------   ----------------
.text:slow 
*          0    10800000    000075c0     
                  10800000    00003200     FB_spm.obj (.text:slow)
                  10803200    000018e0     FB_spm_areascan.obj (.text:slow)
                  10804ae0    00001680     FB_spm_probe.obj (.text:slow)
                  10806160    00000880     FB_spm_statemaschine.obj (.text:slow)
                  108069e0    00000640     FB_spm_autoapproach.obj (.text:slow)
                  10807020    00000220     FB_spm_CoolRunner_puls.obj (.text:slow)
                  10807240    000001c0     SR3_flash_support.obj (.text:slow)
                  10807400    00000020     ReadWrite_GPIO.obj (.text:slow)
                  10807420    00000020     FB_spm_offsetmove.obj ($Tramp$L$PI$$_init_offset_move)
                  10807440    00000020     spm_log.obj ($Tramp$L$PI$$_calc_mix_log)
                  10807460    00000020     rts64plus.lib : imath64.obj ($Tramp$L$PI$$__divlli)
                  10807480    00000020                   : divi.obj ($Tramp$L$PI$$__divi)
                  108074a0    00000020     FB_spm_areascan.obj ($Tramp$L$PI$$_push_area_scan_data)
                  108074c0    00000020     FB_spm_areascan.obj ($Tramp$L$PI$$_integrate_as_data_srcs)
                  108074e0    00000020     PAC_pll.lib : SR3PRO_PLLAPI.obj ($Tramp$L$PI$$_SineSDB)
                  10807500    00000020     FB_spm_areascan.obj ($Tramp$L$PI$$_bz_push)
                  10807520    00000020     timerasm.obj ($Tramp$L$PI$$_wait)
                  10807540    00000020     timerasm.obj ($Tramp$L$PI$$_TSCReadFirst)
                  10807560    00000020     timerasm.obj ($Tramp$L$PI$$_TSCInit)
                  10807580    00000020     SR3PRO_A810Driver.lib : SR3PRO_A810_Main.obj ($Tramp$L$PI$$_start_Analog810)
                  108075a0    00000020                           : SR3PRO_A810_Main.obj ($Tramp$L$PI$$_stop_Analog810)

FIFO_DATA 
*          0    108075c0    00002040     UNINITIALIZED
                  108075c0    00002040     FB_spm.obj (FIFO_DATA)

.text:slow_PLL 
*          0    10809600    000006c0     
                  10809600    000006c0     PAC_pll.lib : SR3PRO_PLLAPI.obj (.text:slow_PLL)

.vectors   0    10e080a0    00000160     
                  10e080a0    00000160     vector.obj (.vectors)

.text      0    10e09000    00004f80     
                  10e09000    00001900     dataprocess.obj (.text)
                  10e0a900    00001100     FB_spm_probe.obj (.text)
                  10e0ba00    00000cc0     FB_spm_areascan.obj (.text)
                  10e0c6c0    000005c0     SR3PRO_A810Driver.lib : SR3PRO_A810_Main.obj (.text)
                  10e0cc80    00000280     FB_spm_offsetmove.obj (.text)
                  10e0cf00    00000260     rts64plus.lib : imath64.obj (.text:__divull)
                  10e0d160    00000240     LogAsmSR3Pro.obj (.text)
                  10e0d3a0    000001a0     rts64plus.lib : imath40.obj (.text:__divul)
                  10e0d540    00000160                   : imath64.obj (.text:__divlli)
                  10e0d6a0    000000e0                   : autoinit.obj (.text:__auto_init)
                  10e0d780    000000e0                   : divi.obj (.text:__divi)
                  10e0d860    000000e0                   : exit.obj (.text:_exit)
                  10e0d940    000000e0     timerasm.obj (.text)
                  10e0da20    000000a0     rts64plus.lib : imath40.obj (.text:__divli)
                  10e0dac0    000000a0                   : memcpy64.obj (.text:_memcpy)
                  10e0db60    00000080                   : llshift.obj (.text:__llshl)
                  10e0dbe0    00000060                   : llshift.obj (.text:__llshr)
                  10e0dc40    00000060                   : llshift.obj (.text:__llshru)
                  10e0dca0    00000060                   : imath64.obj (.text:__subcull)
                  10e0dd00    00000060                   : boot.obj (.text:_c_int00)
                  10e0dd60    00000040                   : args_main.obj (.text:__args_main)
                  10e0dda0    00000040                   : abs.obj (.text:_llabs)
                  10e0dde0    00000020                   : negll.obj (.text:__negll)
                  10e0de00    00000020                   : _lock.obj (.text:__nop)
                  10e0de20    00000020                   : exit.obj (.text:_abort)
                  10e0de40    00000020     spm_log.obj (.text)
                  10e0de60    00000020     FB_spm_probe.obj ($Tramp$L$PI$$_probe_append_header_and_positionvector)
                  10e0de80    00000020     FB_spm_probe.obj ($Tramp$L$PI$$_next_track_vector)
                  10e0dea0    00000020     FB_spm_probe.obj ($Tramp$L$PI$$_next_section)
                  10e0dec0    00000020     FB_spm_probe.obj ($Tramp$L$PI$$_store_probe_data_srcs)
                  10e0dee0    00000020     ReadWrite_GPIO.obj ($Tramp$L$PI$$_WR_GPIO)
                  10e0df00    00000020     FB_spm_autoapproach.obj ($Tramp$L$PI$$_run_autoapp)
                  10e0df20    00000020     FB_spm_CoolRunner_puls.obj ($Tramp$L$PI$$_run_CR_out_pulse)
                  10e0df40    00000020     FB_spm_areascan.obj ($Tramp$L$PI$$_run_area_scan_fast)
                  10e0df60    00000020     FB_spm_areascan.obj ($Tramp$L$PI$$_run_area_scan)

.text:fast_PLL 
*          0    10e0df80    000015c0     
                  10e0df80    000015c0     PAC_pll.lib : SR3PRO_PLLAPI.obj (.text:fast_PLL)

.data      0    10f0420c    00000000     UNINITIALIZED

.cinit     0    10f04210    0000236c     COPY SECTION
                  10f04210    00000b6c     FB_spm.obj (.cinit)
                  10f04d7c    00000004     --HOLE--
                  10f04d80    000012bc     dataprocess.obj (.cinit)
                  10f0603c    00000004     --HOLE--
                  10f06040    00000044     FB_spm_statemaschine.obj (.cinit)
                  10f06084    00000004     --HOLE--
                  10f06088    00000010     FB_spm_offsetmove.obj (.cinit)
                  10f06098    0000002c     FB_spm_autoapproach.obj (.cinit)
                  10f060c4    00000004     --HOLE--
                  10f060c8    00000414     FB_spm_probe.obj (.cinit)
                  10f064dc    00000004     --HOLE--
                  10f064e0    00000028     spm_log.obj (.cinit)
                  10f06508    0000001c     SR3_flash_support.obj (.cinit)
                  10f06524    00000004     --HOLE--
                  10f06528    0000002c     rts64plus.lib : exit.obj (.cinit)
                  10f06554    00000004     --HOLE--
                  10f06558    0000001c                   : _lock.obj (.cinit)
                  10f06574    00000004     --HOLE--
                  10f06578    00000004     --HOLE-- [fill = 0]

.far       0    10f04210    00002418     UNINITIALIZED
                  10f04210    000011c8     dataprocess.obj (.far)
                  10f053d8    00000804     FB_spm.obj (.far)
                  10f05bdc    00000004     --HOLE--
                  10f05be0    00000724     FB_spm_probe.obj (.far)
                  10f06304    00000004     --HOLE--
                  10f06308    00000164     PAC_pll.lib : SR3PRO_PLLAPI.obj (.far)
                  10f0646c    00000004     --HOLE--
                  10f06470    000000ec     FB_spm_areascan.obj (.far)
                  10f0655c    00000004     --HOLE--
                  10f06560    0000004c     SR3PRO_A810Driver.lib : SR3PRO_A810_Main.obj (.far)
                  10f065ac    00000004     --HOLE--
                  10f065b0    00000020     FB_spm_statemaschine.obj (.far)
                  10f065d0    00000020     spm_log.obj (.far)
                  10f065f0    00000010     FB_spm_autoapproach.obj (.far)
                  10f06600    0000000c     rts64plus.lib : exit.obj (.far)
                  10f0660c    00000004     --HOLE--
                  10f06610    00000008     FB_spm_offsetmove.obj (.far)
                  10f06618    00000008     SR3_flash_support.obj (.far)
                  10f06620    00000008     rts64plus.lib : _lock.obj (.far)

.stack     0    10f06628    00001000     UNINITIALIZED
                  10f06628    00000008     rts64plus.lib : boot.obj (.stack)
                  10f06630    00000ff8     --HOLE--

.switch    0    10f07628    000003fc     
                  10f07628    000001f4     FB_spm.obj (.switch:_adjust_signal_input)
                  10f0781c    00000160     FB_spm.obj (.switch:_query_signal_input)
                  10f0797c    0000003c     FB_spm_statemaschine.obj (.switch:_dsp_idle_loop)
                  10f079b8    0000002c     dataprocess.obj (.switch:_dataprocess)
                  10f079e4    0000001c     FB_spm_areascan.obj (.switch:_run_area_scan)
                  10f07a00    00000014     FB_spm_autoapproach.obj (.switch:_run_tip_app)
                  10f07a14    00000010     FB_spm_areascan.obj (.switch:_run_area_scan_fast)

.bss       0    10f07a28    00000156     UNINITIALIZED
                  10f07a28    00000140     PAC_pll.lib : SR3PRO_PLLAPI.obj (.bss)
                  10f07b68    00000010     timerasm.obj (.bss)
                  10f07b78    00000006     SR3PRO_A810Driver.lib : SR3PRO_A810_Main.obj (.bss)

MAGIC      0    10f13f00    00000078     UNINITIALIZED
                  10f13f00    00000078     FB_spm.obj (MAGIC)

PRBVH      0    10f14000    00000044     UNINITIALIZED
                  10f14000    00000044     FB_spm.obj (PRBVH)

PRBDF      0    10f15000    00000002     UNINITIALIZED
                  10f15000    00000002     FB_spm.obj (PRBDF)

PLLBuffers 
*          0    80000000    007a1200     UNINITIALIZED
                  80000000    007a1200     PAC_pll.lib : SR3PRO_PLLAPI.obj (PLLBuffers)

SMAGIC     0    807a1200    0000025c     UNINITIALIZED
                  807a1200    0000025c     FB_spm.obj (SMAGIC)


FAR CALL TRAMPOLINES

callee name               trampoline name
   callee addr  tramp addr   call addr  call info
--------------  -----------  ---------  ----------------
$.text:slow:FB_spm_probe.obj$0x974  $Tramp$L$PI$$_probe_append_header_and_positionvector
   10805454     10e0de60     10e0ae14   FB_spm_probe.obj (.text)
$.text:slow:FB_spm_probe.obj$0xf00  $Tramp$L$PI$$_next_track_vector
   108059e0     10e0de80     10e0adb0   FB_spm_probe.obj (.text)
$.text:slow:FB_spm_probe.obj$0xc20  $Tramp$L$PI$$_next_section
   10805700     10e0dea0     10e0adac   FB_spm_probe.obj (.text)
$.text:slow:FB_spm_probe.obj$0x0  $Tramp$L$PI$$_store_probe_data_srcs
   10804ae0     10e0dec0     10e0ad54   FB_spm_probe.obj (.text)
$.text:slow:ReadWrite_GPIO.obj$0x0  $Tramp$L$PI$$_WR_GPIO
   10807400     10e0dee0     10e0ac04   FB_spm_probe.obj (.text)
$.text:slow:FB_spm_autoapproach.obj$0x588  $Tramp$L$PI$$_run_autoapp
   10806f68     10e0df00     10e0a768   dataprocess.obj (.text)
$.text:slow:FB_spm_CoolRunner_puls.obj$0x64  $Tramp$L$PI$$_run_CR_out_pulse
   10807084     10e0df20     10e0a734   dataprocess.obj (.text)
$.text:slow:FB_spm_areascan.obj$0x68  $Tramp$L$PI$$_run_area_scan_fast
   10803268     10e0df40     10e09b80   dataprocess.obj (.text)
$.text:slow:FB_spm_areascan.obj$0x764  $Tramp$L$PI$$_run_area_scan
   10803964     10e0df60     10e09ae8   dataprocess.obj (.text)
$.text:FB_spm_offsetmove.obj$0x260  $Tramp$L$PI$$_init_offset_move
   10e0cee0     10807420     10806358   FB_spm_statemaschine.obj (.text:slow)
$.text:spm_log.obj$0x0    $Tramp$L$PI$$_calc_mix_log
   10e0de40     10807440     10806218   FB_spm_statemaschine.obj (.text:slow)
                             1080628c   FB_spm_statemaschine.obj (.text:slow)
$.text:__divlli:rts64plus.lib<imath64.obj>$0x0  $Tramp$L$PI$$__divlli
   10e0d540     10807460     10805690   FB_spm_probe.obj (.text:slow)
                             108056ac   FB_spm_probe.obj (.text:slow)
                             108057ec   FB_spm_probe.obj (.text:slow)
                             10805810   FB_spm_probe.obj (.text:slow)
$.text:__divi:rts64plus.lib<divi.obj>$0x0  $Tramp$L$PI$$__divi
   10e0d780     10807480     10804d94   FB_spm_probe.obj (.text:slow)
                             10804e24   FB_spm_probe.obj (.text:slow)
                             10804e74   FB_spm_probe.obj (.text:slow)
                             10804ec0   FB_spm_probe.obj (.text:slow)
                             10804f10   FB_spm_probe.obj (.text:slow)
                             10804f58   FB_spm_probe.obj (.text:slow)
                             10804fac   FB_spm_probe.obj (.text:slow)
                             10804ff4   FB_spm_probe.obj (.text:slow)
                             1080504c   FB_spm_probe.obj (.text:slow)
$.text:FB_spm_areascan.obj$0x820  $Tramp$L$PI$$_push_area_scan_data
   10e0c220     108074a0     108034e8   FB_spm_areascan.obj (.text:slow)
                             108036d0   FB_spm_areascan.obj (.text:slow)
                             10803e44   FB_spm_areascan.obj (.text:slow)
                             10803e7c   FB_spm_areascan.obj (.text:slow)
                             10804074   FB_spm_areascan.obj (.text:slow)
                             108040a4   FB_spm_areascan.obj (.text:slow)
                             108045c4   FB_spm_areascan.obj (.text:slow)
                             108045f4   FB_spm_areascan.obj (.text:slow)
$.text:FB_spm_areascan.obj$0x0  $Tramp$L$PI$$_integrate_as_data_srcs
   10e0ba00     108074c0     108033b4   FB_spm_areascan.obj (.text:slow)
                             10803660   FB_spm_areascan.obj (.text:slow)
                             10803c58   FB_spm_areascan.obj (.text:slow)
$.text:fast_PLL:PAC_pll.lib<SR3PRO_PLLAPI.obj>$0xb84  $Tramp$L$PI$$_SineSDB
   10e0eb04     108074e0     108032f8   FB_spm_areascan.obj (.text:slow)
$.text:FB_spm_areascan.obj$0x174  $Tramp$L$PI$$_bz_push
   10e0bb74     10807500     10803208   FB_spm_areascan.obj (.text:slow)
                             1080324c   FB_spm_areascan.obj (.text:slow)
                             10803464   FB_spm_areascan.obj (.text:slow)
                             10803494   FB_spm_areascan.obj (.text:slow)
                             108038f8   FB_spm_areascan.obj (.text:slow)
                             10803938   FB_spm_areascan.obj (.text:slow)
$.text:timerasm.obj$0x0   $Tramp$L$PI$$_wait
   10e0d940     10807520     10802d84   FB_spm.obj (.text:slow)
                             10802dc8   FB_spm.obj (.text:slow)
                             10802e30   FB_spm.obj (.text:slow)
                             10802e68   FB_spm.obj (.text:slow)
                             10802e80   FB_spm.obj (.text:slow)
                             10802ed8   FB_spm.obj (.text:slow)
                             10802f20   FB_spm.obj (.text:slow)
                             10802f8c   FB_spm.obj (.text:slow)
                             10802fc4   FB_spm.obj (.text:slow)
                             10802fd8   FB_spm.obj (.text:slow)
                             10803064   FB_spm.obj (.text:slow)
                             108030a8   FB_spm.obj (.text:slow)
                             10803114   FB_spm.obj (.text:slow)
                             1080314c   FB_spm.obj (.text:slow)
                             10803164   FB_spm.obj (.text:slow)
$.text:timerasm.obj$0x20  $Tramp$L$PI$$_TSCReadFirst
   10e0d960     10807540     10802d30   FB_spm.obj (.text:slow)
$.text:timerasm.obj$0xa0  $Tramp$L$PI$$_TSCInit
   10e0d9e0     10807560     10802c8c   FB_spm.obj (.text:slow)
$.text:SR3PRO_A810Driver.lib<SR3PRO_A810_Main.obj>$0x22c  $Tramp$L$PI$$_start_Analog810
   10e0c8ec     10807580     10800a88   FB_spm.obj (.text:slow)
                             10802ccc   FB_spm.obj (.text:slow)
                             1080698c   FB_spm_statemaschine.obj (.text:slow)
                             108069b0   FB_spm_statemaschine.obj (.text:slow)
$.text:SR3PRO_A810Driver.lib<SR3PRO_A810_Main.obj>$0x0  $Tramp$L$PI$$_stop_Analog810
   10e0c6c0     108075a0     10800a68   FB_spm.obj (.text:slow)
                             10806974   FB_spm_statemaschine.obj (.text:slow)
                             10806978   FB_spm_statemaschine.obj (.text:slow)


GLOBAL SYMBOLS: SORTED ALPHABETICALLY BY Name 

address    name
--------   ----
10f07a28   $bss
10f07a28   .bss
10f0420c   .data
10e09000   .text
10e0de20   C$$EXIT
10f06000   _AC_tab_inc
10f07b7a   _ADCRange
10f065c8   _AIC_stop_mode
10f064b8   _AS_AIC_data_sum
10f06500   _AS_AIC_num_samples
10f064a8   _AS_amplitude
10f06484   _AS_ch2nd_constheight_enabled
10f06480   _AS_ch2nd_scan_switch
10f06494   _AS_ci
10f064a0   _AS_ci2
10f06490   _AS_cr
10f0649c   _AS_cr2
10f0648c   _AS_deltasIm
10f06488   _AS_deltasRe
10f06470   _AS_ip
10f06474   _AS_jp
10f06478   _AS_kp
10f0647c   _AS_mod
10f064b0   _AS_offset
10f06498   _AS_sdnx
10f0539c   _AbsIn
10f07aec   _AmpCorrOut
10f06588   _CH0
10f06598   _CH1
10f065a8   _CH2
10f05aa4   _CR_generic_io
10f05a78   _CR_out_pulse
10809c74   _ChangeFreqHL
10f063b0   _ClipMax
10f063a0   _ClipMin
10f065d0   _CoeffLog
10f06378   _CoeffSin
10f06308   _CoeffTan_1
10f06330   _CoeffTan_1High
10f06318   _CoeffTan_1Low
10e0ef24   _DataprocessPLL
10e0e260   _DelayForRef
10f06618   _FB_ReadAddress
10f0661c   _FB_WriteAddress
10f06430   _Filter64Out
10f07b78   _FreqDiv
10f062f8   _GPIO_subsample
10f063c0   _GainOutput
10f04210   _IdleTimeTmp
10e0c6ec   _InitDMA
10f07b28   _InputFiltered
10f06348   _InputRef1
10f06440   _InputRef1_2
10f06360   _InputRef2
10f06458   _InputRef2_2
10809c2c   _LMSResponse_HL
10f07b38   _LPSelect_Amp
10f07b34   _LPSelect_Phase
10e0d160   _LogFunctionASM
10f07b1c   _MaskDC64
10f07b24   _MaskDC64_2
10f07b70   _MaxTime
10f07b6c   _MeasuredTime
10f07a88   _MemDC
10f07a90   _MemDCCOS
10f07b64   _MemDCCOS2
10f07a8c   _MemDCSIN
10f07b60   _MemDCSIN2
10f06400   _MemLL
10f07b74   _MinTime
10f07b4e   _Mode2F
10809bc4   _OutputSignalSetUp_HL
10e0ee34   _PICorrector
10e0ed20   _PICorrectorAmp
10f07a98   _PI_Phase_Out
807a1200   _PLL_lookup
10f06024   _PRB_ACPhIdxA
10f06028   _PRB_ACPhIdxB
10f0602c   _PRB_ACPhIdxdBA
10f06180   _PRB_AIC_data_sum
10f061a4   _PRB_AIC_num_samples
10f0601c   _PRB_AveCount
10f06140   _PRB_LockIn_0
10f06148   _PRB_LockIn_1stA
10f06150   _PRB_LockIn_1stB
10f06158   _PRB_LockIn_2ndA
10f06160   _PRB_LockIn_2ndB
10f061ac   _PRB_Trk_i
10f061b0   _PRB_Trk_ie
10f061b4   _PRB_Trk_ref
10f061a8   _PRB_Trk_state
10f06030   _PRB_data_sumA
10f06038   _PRB_data_sumB
10f06004   _PRB_ki
10f06040   _PRB_korrel_sum1stA
10f060c0   _PRB_korrel_sum1stB
10f06080   _PRB_korrel_sum2ndA
10f06100   _PRB_korrel_sum2ndB
10f06300   _PRB_lockin_restart_flg
10f06020   _PRB_modindex
10f06008   _PRB_norm2
10f0600c   _PRB_ref1stA
10f06014   _PRB_ref1stB
10f06010   _PRB_ref2ndA
10f06018   _PRB_ref2ndB
10f062fc   _PRB_section_count
10f05be0   _PRB_sintab
10f05ffc   _PRB_store_nx
10f05ff0   _PRB_store_nx_finish
10f05fe0   _PRB_store_nx_init
10f05398   _Q15
10f05394   _Q15L
10f05390   _Q30
10f07b7c   _QEP_ON
10f06580   _QEP_cnt
10f05368   _QEP_cnt_old
10e0ca34   _SR3A810ISR
10f05370   _SUM_QEP_cnt_Diff
80000000   _Signal1
803d0900   _Signal2
10f06420   _SignalToFilter
10f07b30   _SineOut0
10e0eb04   _SineSDB
10e0ea10   _SquareRoot_SDB
1080970c   _StartPLL
10e0d9e0   _TSCInit
10e0d960   _TSCReadFirst
10e0d980   _TSCReadSecond
10f07a80   _Tau_PAC
10f07b10   _TemLL
10809684   _TestAmpPIResp_HL
10807348   _TestFlash_HL
10809600   _TestPhasePIResp_HL
10f07b68   _TimerTemp
10f06178   _VP_sec_count
10f061b8   _VP_sec_end_buffer
10f06168   _VP_sec_int0
10f06170   _VP_sec_int1
10807400   _WR_GPIO
10f06558   _Z_data_buffer
10f07628   __STACK_END
00001000   __STACK_SIZE
00000001   __TI_args_main
10f06608   ___TI_enable_exit_profile_output
ffffffff   ___TI_pprof_out_hndl
ffffffff   ___TI_prof_data_size
ffffffff   ___TI_prof_data_start
ffffffff   ___binit__
10f07a28   ___bss__
ffffffff   ___c_args__
ffffffff   ___cinit__
10f0420c   ___data__
10f0420c   ___edata__
10f07b7e   ___end__
10e0df80   ___etext__
ffffffff   ___pinit__
10e09000   ___text__
10e0dd60   __args_main
10e0d6a0   __auto_init
10e0d780   __c6xabi_divi
10f06600   __cleanup_ptr
10e0d780   __divi
10e0da20   __divli
10e0d540   __divlli
10e0d3a0   __divul
10e0cf00   __divull
10f06604   __dtors_ptr
10e0db60   __llshl
10e0dbe0   __llshr
10e0dc40   __llshru
10f06620   __lock
10e0dde0   __negll
10e0de00   __nop
10f06628   __stack
10e0dca0   __subcull
10f06624   __unlock
10f07a70   _a
10f07b58   _a2
10f05410   _a810_config
10e0de20   _abort
10e0afec   _add_probe_vector
10800cd4   _adjust_signal_input
10f07a68   _amp
10f07ad0   _amp_estimation
10f05578   _analog
10f065f0   _app_ci_signum
10f059fc   _autoapp
10f07a74   _b
10f07b5c   _b2
10f07a30   _blcklen
10f053a4   _blcklen_mem
108055e8   _buffer_probe_section_end_data_srcs
10f06550   _bz_byte_pos
10804680   _bz_init
10f06508   _bz_last
10e0bb74   _bz_push
10f06554   _bz_push_mode
10e0dd00   _c_int00
10e0de40   _calc_mix_log
10f07a38   _ci1
10f07b54   _ci2
10e0ab10   _clear_probe_data_srcs
10e0c1c8   _clear_summing_data
10e0e7c4   _computeDeltas
10e0e400   _computephase_amp
108031b8   _configure_DSP_GP_PINS
10f07ae0   _corrmax_Amp
10f07ac8   _corrmax_Phase
10f07ad8   _corrmin_Amp
10f07ac0   _corrmin_Phase
10f07a34   _cr1
10f07b50   _cr2
10f07ad4   _ctrlmode_Amp
10f07ab8   _ctrlmode_Phase
10f07a5c   _dI
10f07a60   _dR
10f07a84   _d_mu_e
10f04e44   _d_tmp
10f0590c   _data_sync_io
108075c0   _datafifo
10e09060   _dataprocess
10f07b48   _delayRef
10f07a48   _deltaImT
10f07a44   _deltaReT
10f07a40   _deltasIm1
10f07a3c   _deltasRe1
10f07a58   _dephasecorr
10803030   _dsp_590MHz
10802ea8   _dsp_688MHz
10806160   _dsp_idle_loop
807a12c8   _dsp_signal_lookup
10802d4c   _enablePll1
10f07b3c   _errorMAC
10f07af8   _errorPI_Amp
10f07aa4   _errorPI_Phase
10f07a7c   _errordet
10e0d860   _exit
10f05384   _feedback_hold
10f05498   _feedback_mixer
108026d0   _fill_magic
10803200   _finish_area_scan
108072e8   _flash_erase
108072cc   _flash_read16
10807294   _flash_seek
10807240   _flash_write16
10f05378   _gate_cnt
10f05380   _gate_cnt_1
10f0537c   _gate_cnt_multiplier
10f07af4   _icoef_Amp
10f07aa0   _icoef_Phase
10807208   _init_CR_out_pulse
10804740   _init_area_scan
10806f90   _init_autoapp
10805d60   _init_lockin
10e0cee0   _init_offset_move
10806044   _init_probe
10805d38   _init_probe_fifo
10805d08   _init_probe_module
10e0ba00   _integrate_as_data_srcs
10e0a984   _integrate_probe_data_srcs
10f07b44   _ioING
10f07b40   _ioOUTG
10f06560   _iobuf
10f06610   _ldc_wait
10f07a50   _limitHighTan
10f07a54   _limitLowTan
10e0dda0   _llabs
10f05784   _m_servo
10f13f00   _magic
10802870   _main
10f04e3c   _max_out_ch
10f07b00   _memI_Amp
10f07aa8   _memI_Phase
10e0dac0   _memcpy
10f065b8   _mix_setpoint_old
10f053b8   _mm_vec
10f05808   _move
10e09000   _mul32
10805700   _next_section
108059e0   _next_track_vector
10f063d0   _offsetDisplay
10f063e0   _outmix_display
10f07a28   _pSignal1
10f07a2c   _pSignal2
10f07af0   _pcoef_Amp
10f07a9c   _pcoef_Phase
10f07a64   _phase
10e0e2a8   _phasedetect
10e0df80   _phasedetect2
10f05388   _pipi
10f07ab0   _pout
10f07b08   _poutAmp
10f15000   _prbdf
10f14000   _prbvh
10f07a78   _predict
10f05928   _probe
10805454   _probe_append_header_and_positionvector
108095d8   _probe_datafifo
10805d04   _probe_restore
10805d00   _probe_store
10e0c220   _push_area_scan_data
10800000   _query_signal_input
10f053a0   _randomnum
10f04e58   _recorder_dec_sum
10f04e4c   _recorder_decc
10f04e50   _recorder_deci
10f04e60   _recorder_s1_buffer
10802564   _restore_configuration_from_flash
10f053c8   _result_vec
10f04638   _rms_I2_pipe64
10f04238   _rms_I_pipe
10f04230   _rms_pipi
10f04228   _rmssum
10f04220   _rmssum2
10f063f0   _rndOut
10807084   _run_CR_out_pulse
10803964   _run_area_scan
10803268   _run_area_scan_fast
10806f68   _run_autoapp
10e0b448   _run_lockin
10e0cc80   _run_offset_move
10e0ab84   _run_one_time_step
10e0b130   _run_probe
10806c38   _run_tip_app
10806aa0   _run_wave_play
10f04e40   _s_xymult
10f0583c   _scan
10f0538c   _scnt
10f057a8   _sco_s
10f05360   _sdt
10f05364   _sdt_16
10f07ae8   _setpoint_Amp
10f07b2c   _setpoint_Phase
10f065b0   _setpoint_old
10800aa4   _setup_default_signal_configuration
10f07b18   _shftDC64
10f07b20   _shftDC64_2
10f05ad8   _sig_mon
10f05260   _sigma_delta_hr_mask
10f04e38   _sigma_delta_index
10f065cc   _sleepcount
10e0c8ec   _start_Analog810
10800a84   _start_Analog810_HL
10f053d8   _state
10e0c6c0   _stop_Analog810
10800a64   _stop_Analog810_HL
10807020   _stop_CR_out_pulse
108069e0   _stop_autoapp
1080543c   _stop_lockin
108055ac   _stop_probe
10800810   _store_configuration_to_flash
10804ae0   _store_probe_data_srcs
10f07a94   _targetPhase
10f07b4c   _testcodePLL
10f04e48   _tmp_hrbits
10f065f4   _tmp_i
10f065f8   _tmp_s
10f04218   _tmpsum
10f05418   _user_input_signal_array
10f07a4c   _volumeSine
10e0d940   _wait
10e0a900   _wait_for_trigger
10f065fc   _waveptr
10f053a8   _xy_vec
10f05760   _z_servo
ffffffff   binit
ffffffff   cinit
10f0420c   edata
10f07b7e   end
10e0df80   etext
ffffffff   pinit


GLOBAL SYMBOLS: SORTED BY Symbol Address 

address    name
--------   ----
00000001   __TI_args_main
00001000   __STACK_SIZE
10800000   _query_signal_input
10800810   _store_configuration_to_flash
10800a64   _stop_Analog810_HL
10800a84   _start_Analog810_HL
10800aa4   _setup_default_signal_configuration
10800cd4   _adjust_signal_input
10802564   _restore_configuration_from_flash
108026d0   _fill_magic
10802870   _main
10802d4c   _enablePll1
10802ea8   _dsp_688MHz
10803030   _dsp_590MHz
108031b8   _configure_DSP_GP_PINS
10803200   _finish_area_scan
10803268   _run_area_scan_fast
10803964   _run_area_scan
10804680   _bz_init
10804740   _init_area_scan
10804ae0   _store_probe_data_srcs
1080543c   _stop_lockin
10805454   _probe_append_header_and_positionvector
108055ac   _stop_probe
108055e8   _buffer_probe_section_end_data_srcs
10805700   _next_section
108059e0   _next_track_vector
10805d00   _probe_store
10805d04   _probe_restore
10805d08   _init_probe_module
10805d38   _init_probe_fifo
10805d60   _init_lockin
10806044   _init_probe
10806160   _dsp_idle_loop
108069e0   _stop_autoapp
10806aa0   _run_wave_play
10806c38   _run_tip_app
10806f68   _run_autoapp
10806f90   _init_autoapp
10807020   _stop_CR_out_pulse
10807084   _run_CR_out_pulse
10807208   _init_CR_out_pulse
10807240   _flash_write16
10807294   _flash_seek
108072cc   _flash_read16
108072e8   _flash_erase
10807348   _TestFlash_HL
10807400   _WR_GPIO
108075c0   _datafifo
108095d8   _probe_datafifo
10809600   _TestPhasePIResp_HL
10809684   _TestAmpPIResp_HL
1080970c   _StartPLL
10809bc4   _OutputSignalSetUp_HL
10809c2c   _LMSResponse_HL
10809c74   _ChangeFreqHL
10e09000   .text
10e09000   ___text__
10e09000   _mul32
10e09060   _dataprocess
10e0a900   _wait_for_trigger
10e0a984   _integrate_probe_data_srcs
10e0ab10   _clear_probe_data_srcs
10e0ab84   _run_one_time_step
10e0afec   _add_probe_vector
10e0b130   _run_probe
10e0b448   _run_lockin
10e0ba00   _integrate_as_data_srcs
10e0bb74   _bz_push
10e0c1c8   _clear_summing_data
10e0c220   _push_area_scan_data
10e0c6c0   _stop_Analog810
10e0c6ec   _InitDMA
10e0c8ec   _start_Analog810
10e0ca34   _SR3A810ISR
10e0cc80   _run_offset_move
10e0cee0   _init_offset_move
10e0cf00   __divull
10e0d160   _LogFunctionASM
10e0d3a0   __divul
10e0d540   __divlli
10e0d6a0   __auto_init
10e0d780   __c6xabi_divi
10e0d780   __divi
10e0d860   _exit
10e0d940   _wait
10e0d960   _TSCReadFirst
10e0d980   _TSCReadSecond
10e0d9e0   _TSCInit
10e0da20   __divli
10e0dac0   _memcpy
10e0db60   __llshl
10e0dbe0   __llshr
10e0dc40   __llshru
10e0dca0   __subcull
10e0dd00   _c_int00
10e0dd60   __args_main
10e0dda0   _llabs
10e0dde0   __negll
10e0de00   __nop
10e0de20   C$$EXIT
10e0de20   _abort
10e0de40   _calc_mix_log
10e0df80   ___etext__
10e0df80   _phasedetect2
10e0df80   etext
10e0e260   _DelayForRef
10e0e2a8   _phasedetect
10e0e400   _computephase_amp
10e0e7c4   _computeDeltas
10e0ea10   _SquareRoot_SDB
10e0eb04   _SineSDB
10e0ed20   _PICorrectorAmp
10e0ee34   _PICorrector
10e0ef24   _DataprocessPLL
10f0420c   .data
10f0420c   ___data__
10f0420c   ___edata__
10f0420c   edata
10f04210   _IdleTimeTmp
10f04218   _tmpsum
10f04220   _rmssum2
10f04228   _rmssum
10f04230   _rms_pipi
10f04238   _rms_I_pipe
10f04638   _rms_I2_pipe64
10f04e38   _sigma_delta_index
10f04e3c   _max_out_ch
10f04e40   _s_xymult
10f04e44   _d_tmp
10f04e48   _tmp_hrbits
10f04e4c   _recorder_decc
10f04e50   _recorder_deci
10f04e58   _recorder_dec_sum
10f04e60   _recorder_s1_buffer
10f05260   _sigma_delta_hr_mask
10f05360   _sdt
10f05364   _sdt_16
10f05368   _QEP_cnt_old
10f05370   _SUM_QEP_cnt_Diff
10f05378   _gate_cnt
10f0537c   _gate_cnt_multiplier
10f05380   _gate_cnt_1
10f05384   _feedback_hold
10f05388   _pipi
10f0538c   _scnt
10f05390   _Q30
10f05394   _Q15L
10f05398   _Q15
10f0539c   _AbsIn
10f053a0   _randomnum
10f053a4   _blcklen_mem
10f053a8   _xy_vec
10f053b8   _mm_vec
10f053c8   _result_vec
10f053d8   _state
10f05410   _a810_config
10f05418   _user_input_signal_array
10f05498   _feedback_mixer
10f05578   _analog
10f05760   _z_servo
10f05784   _m_servo
10f057a8   _sco_s
10f05808   _move
10f0583c   _scan
10f0590c   _data_sync_io
10f05928   _probe
10f059fc   _autoapp
10f05a78   _CR_out_pulse
10f05aa4   _CR_generic_io
10f05ad8   _sig_mon
10f05be0   _PRB_sintab
10f05fe0   _PRB_store_nx_init
10f05ff0   _PRB_store_nx_finish
10f05ffc   _PRB_store_nx
10f06000   _AC_tab_inc
10f06004   _PRB_ki
10f06008   _PRB_norm2
10f0600c   _PRB_ref1stA
10f06010   _PRB_ref2ndA
10f06014   _PRB_ref1stB
10f06018   _PRB_ref2ndB
10f0601c   _PRB_AveCount
10f06020   _PRB_modindex
10f06024   _PRB_ACPhIdxA
10f06028   _PRB_ACPhIdxB
10f0602c   _PRB_ACPhIdxdBA
10f06030   _PRB_data_sumA
10f06038   _PRB_data_sumB
10f06040   _PRB_korrel_sum1stA
10f06080   _PRB_korrel_sum2ndA
10f060c0   _PRB_korrel_sum1stB
10f06100   _PRB_korrel_sum2ndB
10f06140   _PRB_LockIn_0
10f06148   _PRB_LockIn_1stA
10f06150   _PRB_LockIn_1stB
10f06158   _PRB_LockIn_2ndA
10f06160   _PRB_LockIn_2ndB
10f06168   _VP_sec_int0
10f06170   _VP_sec_int1
10f06178   _VP_sec_count
10f06180   _PRB_AIC_data_sum
10f061a4   _PRB_AIC_num_samples
10f061a8   _PRB_Trk_state
10f061ac   _PRB_Trk_i
10f061b0   _PRB_Trk_ie
10f061b4   _PRB_Trk_ref
10f061b8   _VP_sec_end_buffer
10f062f8   _GPIO_subsample
10f062fc   _PRB_section_count
10f06300   _PRB_lockin_restart_flg
10f06308   _CoeffTan_1
10f06318   _CoeffTan_1Low
10f06330   _CoeffTan_1High
10f06348   _InputRef1
10f06360   _InputRef2
10f06378   _CoeffSin
10f063a0   _ClipMin
10f063b0   _ClipMax
10f063c0   _GainOutput
10f063d0   _offsetDisplay
10f063e0   _outmix_display
10f063f0   _rndOut
10f06400   _MemLL
10f06420   _SignalToFilter
10f06430   _Filter64Out
10f06440   _InputRef1_2
10f06458   _InputRef2_2
10f06470   _AS_ip
10f06474   _AS_jp
10f06478   _AS_kp
10f0647c   _AS_mod
10f06480   _AS_ch2nd_scan_switch
10f06484   _AS_ch2nd_constheight_enabled
10f06488   _AS_deltasRe
10f0648c   _AS_deltasIm
10f06490   _AS_cr
10f06494   _AS_ci
10f06498   _AS_sdnx
10f0649c   _AS_cr2
10f064a0   _AS_ci2
10f064a8   _AS_amplitude
10f064b0   _AS_offset
10f064b8   _AS_AIC_data_sum
10f06500   _AS_AIC_num_samples
10f06508   _bz_last
10f06550   _bz_byte_pos
10f06554   _bz_push_mode
10f06558   _Z_data_buffer
10f06560   _iobuf
10f06580   _QEP_cnt
10f06588   _CH0
10f06598   _CH1
10f065a8   _CH2
10f065b0   _setpoint_old
10f065b8   _mix_setpoint_old
10f065c8   _AIC_stop_mode
10f065cc   _sleepcount
10f065d0   _CoeffLog
10f065f0   _app_ci_signum
10f065f4   _tmp_i
10f065f8   _tmp_s
10f065fc   _waveptr
10f06600   __cleanup_ptr
10f06604   __dtors_ptr
10f06608   ___TI_enable_exit_profile_output
10f06610   _ldc_wait
10f06618   _FB_ReadAddress
10f0661c   _FB_WriteAddress
10f06620   __lock
10f06624   __unlock
10f06628   __stack
10f07628   __STACK_END
10f07a28   $bss
10f07a28   .bss
10f07a28   ___bss__
10f07a28   _pSignal1
10f07a2c   _pSignal2
10f07a30   _blcklen
10f07a34   _cr1
10f07a38   _ci1
10f07a3c   _deltasRe1
10f07a40   _deltasIm1
10f07a44   _deltaReT
10f07a48   _deltaImT
10f07a4c   _volumeSine
10f07a50   _limitHighTan
10f07a54   _limitLowTan
10f07a58   _dephasecorr
10f07a5c   _dI
10f07a60   _dR
10f07a64   _phase
10f07a68   _amp
10f07a70   _a
10f07a74   _b
10f07a78   _predict
10f07a7c   _errordet
10f07a80   _Tau_PAC
10f07a84   _d_mu_e
10f07a88   _MemDC
10f07a8c   _MemDCSIN
10f07a90   _MemDCCOS
10f07a94   _targetPhase
10f07a98   _PI_Phase_Out
10f07a9c   _pcoef_Phase
10f07aa0   _icoef_Phase
10f07aa4   _errorPI_Phase
10f07aa8   _memI_Phase
10f07ab0   _pout
10f07ab8   _ctrlmode_Phase
10f07ac0   _corrmin_Phase
10f07ac8   _corrmax_Phase
10f07ad0   _amp_estimation
10f07ad4   _ctrlmode_Amp
10f07ad8   _corrmin_Amp
10f07ae0   _corrmax_Amp
10f07ae8   _setpoint_Amp
10f07aec   _AmpCorrOut
10f07af0   _pcoef_Amp
10f07af4   _icoef_Amp
10f07af8   _errorPI_Amp
10f07b00   _memI_Amp
10f07b08   _poutAmp
10f07b10   _TemLL
10f07b18   _shftDC64
10f07b1c   _MaskDC64
10f07b20   _shftDC64_2
10f07b24   _MaskDC64_2
10f07b28   _InputFiltered
10f07b2c   _setpoint_Phase
10f07b30   _SineOut0
10f07b34   _LPSelect_Phase
10f07b38   _LPSelect_Amp
10f07b3c   _errorMAC
10f07b40   _ioOUTG
10f07b44   _ioING
10f07b48   _delayRef
10f07b4c   _testcodePLL
10f07b4e   _Mode2F
10f07b50   _cr2
10f07b54   _ci2
10f07b58   _a2
10f07b5c   _b2
10f07b60   _MemDCSIN2
10f07b64   _MemDCCOS2
10f07b68   _TimerTemp
10f07b6c   _MeasuredTime
10f07b70   _MaxTime
10f07b74   _MinTime
10f07b78   _FreqDiv
10f07b7a   _ADCRange
10f07b7c   _QEP_ON
10f07b7e   ___end__
10f07b7e   end
10f13f00   _magic
10f14000   _prbvh
10f15000   _prbdf
80000000   _Signal1
803d0900   _Signal2
807a1200   _PLL_lookup
807a12c8   _dsp_signal_lookup
ffffffff   ___TI_pprof_out_hndl
ffffffff   ___TI_prof_data_size
ffffffff   ___TI_prof_data_start
ffffffff   ___binit__
ffffffff   ___c_args__
ffffffff   ___cinit__
ffffffff   ___pinit__
ffffffff   binit
ffffffff   cinit
ffffffff   pinit

[371 symbols]
