******************************************************************************
               TMS320C6x Linker Unix v7.0.4                    
******************************************************************************
>> Linked Wed Jul  3 22:56:31 2019

OUTPUT FILE NAME:   <FB_spmcontrol.out>
ENTRY POINT SYMBOL: "_c_int00"  address: 10e0e460


MEMORY CONFIGURATION

         name            origin    length      used     unused   attr    fill
----------------------  --------  ---------  --------  --------  ----  --------
  L2RAM                 10800000   00020000  0000a640  000159c0  RWIX
  L1PRAM_Vector         10e080a0   00000160  00000160  00000000  R  X
  L1PRAM_Kernel         10e08200   00000e00  00000000  00000e00  R  X
  L1PRAM                10e09000   00007000  00006c80  00000380  R  X
  L1DRAM_MailBox        10f04000   0000020c  00000000  0000020c  RWI 
  L1DRAM                10f0420c   0000fcf4  0000423a  0000baba  RWI 
  L1DRAM_M              10f13f00   00000100  00000078  00000088  RWI 
  L1DRAM_V              10f14000   00001000  00000044  00000fbc  RWI 
  L1DRAM_F              10f15000   00002f00  00000002  00002efe  RWI 
  FLASH                 42000000   02000000  00000000  02000000  R   
  ETHER                 44000000   02000000  00000000  02000000  RW  
  FPGA                  46000000   02000000  00000000  02000000  RW  
  DDR2                  80000000   07000000  007a1480  0685eb80  RWI 
  DDR2M                 87000000   00001000  00000000  00001000  RW X
  DDR2V                 87001000   0001f000  00000000  0001f000  RW X
  DDR2F                 87100000   00f00000  00000000  00f00000  RW X


SECTION ALLOCATION MAP

 output                                  attributes/
section   page    origin      length       input sections
--------  ----  ----------  ----------   ----------------
.text:slow 
*          0    10800000    00007c80     
                  10800000    00002ce0     FB_spm.obj (.text:slow)
                  10802ce0    00001940     FB_spm_areascan.obj (.text:slow)
                  10804620    00001380     FB_spm_probe.obj (.text:slow)
                  108059a0    000012a0     FB_spm_statemaschine.obj (.text:slow)
                  10806c40    00000680     FB_spm_autoapproach.obj (.text:slow)
                  108072c0    00000340     mcbsp_support.obj (.text:slow)
                  10807600    00000220     FB_spm_CoolRunner_puls.obj (.text:slow)
                  10807820    000001c0     SR3_flash_support.obj (.text:slow)
                  108079e0    00000020     ReadWrite_GPIO.obj (.text:slow)
                  10807a00    00000020     FB_spm_areascan.obj ($Tramp$L$PI$$_bz_push_area_scan_data_out)
                  10807a20    00000020     FB_spm_offsetmove.obj ($Tramp$L$PI$$_run_offset_move)
                  10807a40    00000020     spm_log.obj ($Tramp$L$PI$$_calc_mix_log)
                  10807a60    00000020     FB_spm_offsetmove.obj ($Tramp$L$PI$$_init_offset_move)
                  10807a80    00000020     dataprocess.obj ($Tramp$L$PI$$_copy32)
                  10807aa0    00000020     FB_spm_probe.obj ($Tramp$L$PI$$_next_section)
                  10807ac0    00000020     rts64plus.lib : imath64.obj ($Tramp$L$PI$$__divlli)
                  10807ae0    00000020                   : divi.obj ($Tramp$L$PI$$__divi)
                  10807b00    00000020     FB_spm_areascan.obj ($Tramp$L$PI$$_bz_push)
                  10807b20    00000020     mcbsp_support.obj ($Tramp$L$PI$$_initiate_McBSP_transfer)
                  10807b40    00000020     FB_spm_areascan.obj ($Tramp$L$PI$$_push_area_scan_data)
                  10807b60    00000020     FB_spm_areascan.obj ($Tramp$L$PI$$_integrate_as_data_srcs)
                  10807b80    00000020     PAC_pll.lib : SR3PRO_PLLAPI.obj ($Tramp$L$PI$$_SineSDB)
                  10807ba0    00000020     timerasm.obj ($Tramp$L$PI$$_wait)
                  10807bc0    00000020     FB_spm_statemaschine.obj ($Tramp$L$PI$$_dsp_idle_loop)
                  10807be0    00000020     timerasm.obj ($Tramp$L$PI$$_TSCReadSecond)
                  10807c00    00000020     timerasm.obj ($Tramp$L$PI$$_TSCReadFirst)
                  10807c20    00000020     timerasm.obj ($Tramp$L$PI$$_TSCInit)
                  10807c40    00000020     SR3PRO_A810Driver.lib : SR3PRO_A810_Main.obj ($Tramp$L$PI$$_start_Analog810)
                  10807c60    00000020                           : SR3PRO_A810_Main.obj ($Tramp$L$PI$$_stop_Analog810)

FIFO_DATA 
*          0    10807c80    00002040     UNINITIALIZED
                  10807c80    00002040     FB_spm.obj (FIFO_DATA)

.text:slow_PLL 
*          0    10809cc0    000006c0     
                  10809cc0    000006c0     PAC_pll.lib : SR3PRO_PLLAPI.obj (.text:slow_PLL)

asmA810    0    1080a380    000002c0     
                  1080a380    000002a0     SR3PRO_A810Driver.lib : A810ISR_ASM.obj (asmA810)
                  1080a620    00000020     dataprocess.obj ($Tramp$L$PI$$_dataprocess)

.vectors   0    10e080a0    00000160     
                  10e080a0    00000160     vector.obj (.vectors)

.text      0    10e09000    000056c0     
                  10e09000    000019a0     dataprocess.obj (.text)
                  10e0a9a0    00001240     FB_spm_probe.obj (.text)
                  10e0bbe0    00000cc0     FB_spm_areascan.obj (.text)
                  10e0c8a0    00000560     FB_spm_statemaschine.obj (.text)
                  10e0ce00    00000020     FB_spm_statemaschine.obj ($Tramp$L$PI$$_run_next_sync_job_precision)
                  10e0ce20    00000380     SR3PRO_A810Driver.lib : SR3PRO_A810_Main.obj (.text)
                  10e0d1a0    00000280     FB_spm_offsetmove.obj (.text)
                  10e0d420    00000260     rts64plus.lib : imath64.obj (.text:__divull)
                  10e0d680    00000240     LogAsmSR3Pro.obj (.text)
                  10e0d8c0    00000220     mcbsp_support.obj (.text)
                  10e0dae0    00000020     mcbsp_support.obj ($Tramp$L$PI$$_InitMcBSP0_in_RP_FPGA_Mode)
                  10e0db00    000001a0     rts64plus.lib : imath40.obj (.text:__divul)
                  10e0dca0    00000160                   : imath64.obj (.text:__divlli)
                  10e0de00    000000e0                   : autoinit.obj (.text:__auto_init)
                  10e0dee0    000000e0                   : divi.obj (.text:__divi)
                  10e0dfc0    000000e0                   : exit.obj (.text:_exit)
                  10e0e0a0    000000e0     timerasm.obj (.text)
                  10e0e180    000000a0     rts64plus.lib : imath40.obj (.text:__divli)
                  10e0e220    000000a0                   : memcpy64.obj (.text:_memcpy)
                  10e0e2c0    00000080                   : llshift.obj (.text:__llshl)
                  10e0e340    00000060                   : llshift.obj (.text:__llshr)
                  10e0e3a0    00000060                   : llshift.obj (.text:__llshru)
                  10e0e400    00000060                   : imath64.obj (.text:__subcull)
                  10e0e460    00000060                   : boot.obj (.text:_c_int00)
                  10e0e4c0    00000040                   : args_main.obj (.text:__args_main)
                  10e0e500    00000040                   : abs.obj (.text:_llabs)
                  10e0e540    00000020                   : negll.obj (.text:__negll)
                  10e0e560    00000020                   : _lock.obj (.text:__nop)
                  10e0e580    00000020                   : exit.obj (.text:_abort)
                  10e0e5a0    00000020     spm_log.obj (.text)
                  10e0e5c0    00000020     FB_spm_probe.obj ($Tramp$L$PI$$_probe_append_header_and_positionvector)
                  10e0e5e0    00000020     FB_spm_probe.obj ($Tramp$L$PI$$_next_track_vector)
                  10e0e600    00000020     FB_spm_probe.obj ($Tramp$L$PI$$_store_probe_data_srcs)
                  10e0e620    00000020     ReadWrite_GPIO.obj ($Tramp$L$PI$$_WR_GPIO)
                  10e0e640    00000020     FB_spm_areascan.obj ($Tramp$L$PI$$_run_area_scan_fast)
                  10e0e660    00000020     FB_spm_areascan.obj ($Tramp$L$PI$$_run_area_scan)
                  10e0e680    00000020     FB_spm_autoapproach.obj ($Tramp$L$PI$$_run_autoapp)
                  10e0e6a0    00000020     FB_spm_CoolRunner_puls.obj ($Tramp$L$PI$$_run_CR_out_pulse)

.text:fast_PLL 
*          0    10e0e6c0    000015c0     
                  10e0e6c0    000015c0     PAC_pll.lib : SR3PRO_PLLAPI.obj (.text:fast_PLL)

.data      0    10f0420c    00000000     UNINITIALIZED

.cinit     0    10f04210    00002884     COPY SECTION
                  10f04210    00000eb8     FB_spm.obj (.cinit)
                  10f050c8    0000069c     dataprocess.obj (.cinit)
                  10f05764    00000004     --HOLE--
                  10f05768    00000d2c     FB_spm_statemaschine.obj (.cinit)
                  10f06494    00000004     --HOLE--
                  10f06498    0000002c     FB_spm_areascan.obj (.cinit)
                  10f064c4    00000004     --HOLE--
                  10f064c8    00000010     FB_spm_offsetmove.obj (.cinit)
                  10f064d8    0000002c     FB_spm_autoapproach.obj (.cinit)
                  10f06504    00000004     --HOLE--
                  10f06508    00000414     FB_spm_probe.obj (.cinit)
                  10f0691c    00000004     --HOLE--
                  10f06920    00000028     spm_log.obj (.cinit)
                  10f06948    0000001c     SR3_flash_support.obj (.cinit)
                  10f06964    00000004     --HOLE--
                  10f06968    000000d4     mcbsp_support.obj (.cinit)
                  10f06a3c    00000004     --HOLE--
                  10f06a40    0000002c     rts64plus.lib : exit.obj (.cinit)
                  10f06a6c    00000004     --HOLE--
                  10f06a70    0000001c                   : _lock.obj (.cinit)
                  10f06a8c    00000004     --HOLE--
                  10f06a90    00000004     --HOLE-- [fill = 0]

.far       0    10f04210    00002c98     UNINITIALIZED
                  10f04210    00000cbc     FB_spm_statemaschine.obj (.far)
                  10f04ecc    00000004     --HOLE--
                  10f04ed0    00000b2c     FB_spm.obj (.far)
                  10f059fc    00000004     --HOLE--
                  10f05a00    00000724     FB_spm_probe.obj (.far)
                  10f06124    00000004     --HOLE--
                  10f06128    000005d0     dataprocess.obj (.far)
                  10f066f8    00000538     FB_spm_areascan.obj (.far)
                  10f06c30    00000164     PAC_pll.lib : SR3PRO_PLLAPI.obj (.far)
                  10f06d94    00000004     --HOLE--
                  10f06d98    00000068     mcbsp_support.obj (.far)
                  10f06e00    0000004c     SR3PRO_A810Driver.lib : SR3PRO_A810_Main.obj (.far)
                  10f06e4c    00000004     --HOLE--
                  10f06e50    00000020     spm_log.obj (.far)
                  10f06e70    00000010     FB_spm_autoapproach.obj (.far)
                  10f06e80    0000000c     rts64plus.lib : exit.obj (.far)
                  10f06e8c    00000004     --HOLE--
                  10f06e90    00000008     FB_spm_offsetmove.obj (.far)
                  10f06e98    00000008     SR3_flash_support.obj (.far)
                  10f06ea0    00000008     rts64plus.lib : _lock.obj (.far)

.stack     0    10f06ea8    00001000     UNINITIALIZED
                  10f06ea8    00000008     rts64plus.lib : boot.obj (.stack)
                  10f06eb0    00000ff8     --HOLE--

.switch    0    10f07ea8    0000044c     
                  10f07ea8    000001f4     FB_spm.obj (.switch:_adjust_signal_input)
                  10f0809c    00000160     FB_spm.obj (.switch:_query_signal_input)
                  10f081fc    0000007c     FB_spm_statemaschine.obj (.switch:_idle_task_015)
                  10f08278    0000002c     dataprocess.obj (.switch:_dp_task_003)
                  10f082a4    0000001c     FB_spm_areascan.obj (.switch:_run_area_scan)
                  10f082c0    00000014     FB_spm_autoapproach.obj (.switch:_run_tip_app)
                  10f082d4    00000010     FB_spm_statemaschine.obj (.switch:_idle_task_014)
                  10f082e4    00000010     FB_spm_areascan.obj (.switch:_run_area_scan_fast)

.bss       0    10f082f8    00000156     UNINITIALIZED
                  10f082f8    00000140     PAC_pll.lib : SR3PRO_PLLAPI.obj (.bss)
                  10f08438    00000010     timerasm.obj (.bss)
                  10f08448    00000006     SR3PRO_A810Driver.lib : SR3PRO_A810_Main.obj (.bss)

MAGIC      0    10f13f00    00000078     UNINITIALIZED
                  10f13f00    00000078     FB_spm.obj (MAGIC)

PRBVH      0    10f14000    00000044     UNINITIALIZED
                  10f14000    00000044     FB_spm.obj (PRBVH)

PRBDF      0    10f15000    00000002     UNINITIALIZED
                  10f15000    00000002     FB_spm.obj (PRBDF)

PLLBuffers 
*          0    80000000    007a1200     UNINITIALIZED
                  80000000    007a1200     PAC_pll.lib : SR3PRO_PLLAPI.obj (PLLBuffers)

SMAGIC     0    807a1200    00000280     UNINITIALIZED
                  807a1200    00000280     FB_spm.obj (SMAGIC)


FAR CALL TRAMPOLINES

callee name               trampoline name
   callee addr  tramp addr   call addr  call info
--------------  -----------  ---------  ----------------
$.text:slow:FB_spm_statemaschine.obj$0x10c0  $Tramp$L$PI$$_run_next_sync_job_precision
   10806a60     10e0ce00     10e0cd18   FB_spm_statemaschine.obj (.text)
                             10e0cd48   FB_spm_statemaschine.obj (.text)
$.text:slow:mcbsp_support.obj$0x40  $Tramp$L$PI$$_InitMcBSP0_in_RP_FPGA_Mode
   10807300     10e0dae0     10e0d9d8   mcbsp_support.obj (.text)
$.text:slow:FB_spm_probe.obj$0x95c  $Tramp$L$PI$$_probe_append_header_and_positionvector
   10804f7c     10e0e5c0     10e0b1b0   FB_spm_probe.obj (.text)
$.text:slow:FB_spm_probe.obj$0xc24  $Tramp$L$PI$$_next_track_vector
   10805244     10e0e5e0     10e0b14c   FB_spm_probe.obj (.text)
$.text:slow:FB_spm_probe.obj$0x0  $Tramp$L$PI$$_store_probe_data_srcs
   10804620     10e0e600     10e0b0f0   FB_spm_probe.obj (.text)
$.text:slow:ReadWrite_GPIO.obj$0x0  $Tramp$L$PI$$_WR_GPIO
   108079e0     10e0e620     10e0afb0   FB_spm_probe.obj (.text)
$.text:slow:FB_spm_areascan.obj$0x0  $Tramp$L$PI$$_run_area_scan_fast
   10802ce0     10e0e640     10e09960   dataprocess.obj (.text)
$.text:slow:FB_spm_areascan.obj$0x648  $Tramp$L$PI$$_run_area_scan
   10803328     10e0e660     10e09940   dataprocess.obj (.text)
$.text:slow:FB_spm_autoapproach.obj$0x5b0  $Tramp$L$PI$$_run_autoapp
   108071f0     10e0e680     10e09418   dataprocess.obj (.text)
$.text:slow:FB_spm_CoolRunner_puls.obj$0x64  $Tramp$L$PI$$_run_CR_out_pulse
   10807664     10e0e6a0     10e093f0   dataprocess.obj (.text)
$.text:FB_spm_areascan.obj$0xb48  $Tramp$L$PI$$_bz_push_area_scan_data_out
   10e0c728     10807a00     10806a4c   FB_spm_statemaschine.obj (.text:slow)
$.text:FB_spm_offsetmove.obj$0x0  $Tramp$L$PI$$_run_offset_move
   10e0d1a0     10807a20     10806a28   FB_spm_statemaschine.obj (.text:slow)
$.text:spm_log.obj$0x0    $Tramp$L$PI$$_calc_mix_log
   10e0e5a0     10807a40     108067d0   FB_spm_statemaschine.obj (.text:slow)
                             10806904   FB_spm_statemaschine.obj (.text:slow)
$.text:FB_spm_offsetmove.obj$0x260  $Tramp$L$PI$$_init_offset_move
   10e0d400     10807a60     108066ac   FB_spm_statemaschine.obj (.text:slow)
$.text:dataprocess.obj$0x1978  $Tramp$L$PI$$_copy32
   10e0a978     10807a80     1080656c   FB_spm_statemaschine.obj (.text:slow)
$.text:FB_spm_probe.obj$0x210  $Tramp$L$PI$$_next_section
   10e0abb0     10807aa0     10805640   FB_spm_probe.obj (.text:slow)
$.text:__divlli:rts64plus.lib<imath64.obj>$0x0  $Tramp$L$PI$$__divlli
   10e0dca0     10807ac0     108051d4   FB_spm_probe.obj (.text:slow)
                             108051f0   FB_spm_probe.obj (.text:slow)
$.text:__divi:rts64plus.lib<divi.obj>$0x0  $Tramp$L$PI$$__divi
   10e0dee0     10807ae0     108048d4   FB_spm_probe.obj (.text:slow)
                             10804964   FB_spm_probe.obj (.text:slow)
                             108049b4   FB_spm_probe.obj (.text:slow)
                             10804a00   FB_spm_probe.obj (.text:slow)
                             10804a50   FB_spm_probe.obj (.text:slow)
                             10804a98   FB_spm_probe.obj (.text:slow)
                             10804aec   FB_spm_probe.obj (.text:slow)
                             10804b34   FB_spm_probe.obj (.text:slow)
                             10804b8c   FB_spm_probe.obj (.text:slow)
$.text:FB_spm_areascan.obj$0x4f4  $Tramp$L$PI$$_bz_push
   10e0c0d4     10807b00     108045b0   FB_spm_areascan.obj (.text:slow)
                             108045f8   FB_spm_areascan.obj (.text:slow)
$.text:mcbsp_support.obj$0x0  $Tramp$L$PI$$_initiate_McBSP_transfer
   10e0d8c0     10807b20     10803d90   FB_spm_areascan.obj (.text:slow)
                             10805c44   FB_spm_statemaschine.obj (.text:slow)
$.text:FB_spm_areascan.obj$0x240  $Tramp$L$PI$$_push_area_scan_data
   10e0be20     10807b40     10802e98   FB_spm_areascan.obj (.text:slow)
                             108030f4   FB_spm_areascan.obj (.text:slow)
                             1080383c   FB_spm_areascan.obj (.text:slow)
                             10803874   FB_spm_areascan.obj (.text:slow)
                             10803a80   FB_spm_areascan.obj (.text:slow)
                             10803aa8   FB_spm_areascan.obj (.text:slow)
                             108040a4   FB_spm_areascan.obj (.text:slow)
                             108040d4   FB_spm_areascan.obj (.text:slow)
$.text:FB_spm_areascan.obj$0x0  $Tramp$L$PI$$_integrate_as_data_srcs
   10e0bbe0     10807b60     10802e2c   FB_spm_areascan.obj (.text:slow)
                             10803084   FB_spm_areascan.obj (.text:slow)
                             10803650   FB_spm_areascan.obj (.text:slow)
$.text:fast_PLL:PAC_pll.lib<SR3PRO_PLLAPI.obj>$0xb84  $Tramp$L$PI$$_SineSDB
   10e0f244     10807b80     10802d74   FB_spm_areascan.obj (.text:slow)
$.text:timerasm.obj$0x0   $Tramp$L$PI$$_wait
   10e0e0a0     10807ba0     10802ae0   FB_spm.obj (.text:slow)
                             10802b24   FB_spm.obj (.text:slow)
                             10802b8c   FB_spm.obj (.text:slow)
                             10802bc4   FB_spm.obj (.text:slow)
                             10802bd8   FB_spm.obj (.text:slow)
                             108073d4   mcbsp_support.obj (.text:slow)
                             108073ec   mcbsp_support.obj (.text:slow)
                             10807404   mcbsp_support.obj (.text:slow)
                             10807458   mcbsp_support.obj (.text:slow)
$.text:FB_spm_statemaschine.obj$0x280  $Tramp$L$PI$$_dsp_idle_loop
   10e0cb20     10807bc0     10802a8c   FB_spm.obj (.text:slow)
$.text:timerasm.obj$0x40  $Tramp$L$PI$$_TSCReadSecond
   10e0e0e0     10807be0     108029d4   FB_spm.obj (.text:slow)
$.text:timerasm.obj$0x20  $Tramp$L$PI$$_TSCReadFirst
   10e0e0c0     10807c00     108029d0   FB_spm.obj (.text:slow)
$.text:timerasm.obj$0xa0  $Tramp$L$PI$$_TSCInit
   10e0e140     10807c20     108029cc   FB_spm.obj (.text:slow)
$.text:SR3PRO_A810Driver.lib<SR3PRO_A810_Main.obj>$0x22c  $Tramp$L$PI$$_start_Analog810
   10e0d04c     10807c40     10800a90   FB_spm.obj (.text:slow)
                             10802a14   FB_spm.obj (.text:slow)
                             10805d30   FB_spm_statemaschine.obj (.text:slow)
                             10805fb4   FB_spm_statemaschine.obj (.text:slow)
$.text:SR3PRO_A810Driver.lib<SR3PRO_A810_Main.obj>$0x0  $Tramp$L$PI$$_stop_Analog810
   10e0ce20     10807c60     10800a70   FB_spm.obj (.text:slow)
                             10805d00   FB_spm_statemaschine.obj (.text:slow)
                             10805d28   FB_spm_statemaschine.obj (.text:slow)
$.text:dataprocess.obj$0x1564  $Tramp$L$PI$$_dataprocess
   10e0a564     1080a620     1080a514   SR3PRO_A810Driver.lib : A810ISR_ASM.obj (asmA810)


GLOBAL SYMBOLS: SORTED ALPHABETICALLY BY Name 

address    name
--------   ----
10f082f8   $bss
10f082f8   .bss
10f0420c   .data
10e09000   .text
10e0e580   C$$EXIT
10f05e20   _AC_tab_inc
10f0844a   _ADCRange
10f04228   _AIC_stop_mode
10f06740   _AS_AIC_data_sum
10f06788   _AS_AIC_num_samples
10f06730   _AS_amplitude
10f0670c   _AS_ch2nd_constheight_enabled
10f06708   _AS_ch2nd_scan_switch
10f0671c   _AS_ci
10f06728   _AS_ci2
10f06718   _AS_cr
10f06724   _AS_cr2
10f06714   _AS_deltasIm
10f06710   _AS_deltasRe
10f066f8   _AS_ip
10f066fc   _AS_jp
10f06700   _AS_kp
10f06704   _AS_mod
10f06738   _AS_offset
10f06720   _AS_sdnx
10f06688   _AbsIn
10f083bc   _AmpCorrOut
10f06e28   _CH0
10f06e38   _CH1
10f06e48   _CH2
10f058c4   _CR_generic_io
10f05898   _CR_out_pulse
1080a334   _ChangeFreqHL
10f06cd8   _ClipMax
10f06cc8   _ClipMin
10f06e50   _CoeffLog
10f06ca0   _CoeffSin
10f06c30   _CoeffTan_1
10f06c58   _CoeffTan_1High
10f06c40   _CoeffTan_1Low
10e0f664   _DataprocessPLL
108075c4   _DebugMcBSP0
10e0e9a0   _DelayForRef
10f06e98   _FB_ReadAddress
10f06e9c   _FB_WriteAddress
10f06d58   _Filter64Out
10f08448   _FreqDiv
10f06118   _GPIO_subsample
10f06ce8   _GainOutput
10e0ce4c   _InitDMA
10807300   _InitMcBSP0_in_RP_FPGA_Mode
10f083f8   _InputFiltered
10f06c70   _InputRef1
10f06d68   _InputRef1_2
10f06c88   _InputRef2
10f06d80   _InputRef2_2
1080a2ec   _LMSResponse_HL
10f08408   _LPSelect_Amp
10f08404   _LPSelect_Phase
10e0d680   _LogFunctionASM
10f083ec   _MaskDC64
10f083f4   _MaskDC64_2
10f08440   _MaxTime
10e0da6c   _McBSP1RX_INT
10e0d9f4   _McBSP1TX_INT
10f06da8   _McBSP_clkdiv
10f06db0   _McBSP_data
10f06df8   _McBSP_debug_mode
10f06da4   _McBSP_enabled
10f06d9c   _McBSP_frame_element
10f06df4   _McBSP_received_words
10f06dfc   _McBSP_schedule_pending_count
10f06df0   _McBSP_transmitted_words
10f06da0   _McBSP_word_count
10f06d98   _McBSP_words_per_frame
10f0843c   _MeasuredTime
10f08358   _MemDC
10f08360   _MemDCCOS
10f08434   _MemDCCOS2
10f0835c   _MemDCSIN
10f08430   _MemDCSIN2
10f06d28   _MemLL
10f08444   _MinTime
10f0841e   _Mode2F
1080a284   _OutputSignalSetUp_HL
10e0f574   _PICorrector
10e0f460   _PICorrectorAmp
10f08368   _PI_Phase_Out
807a1200   _PLL_lookup
10f05e44   _PRB_ACPhIdxA
10f05e48   _PRB_ACPhIdxB
10f05e4c   _PRB_ACPhIdxdBA
10f05fa0   _PRB_AIC_data_sum
10f05fc4   _PRB_AIC_num_samples
10f05e3c   _PRB_AveCount
10f05f60   _PRB_LockIn_0
10f05f68   _PRB_LockIn_1stA
10f05f70   _PRB_LockIn_1stB
10f05f78   _PRB_LockIn_2ndA
10f05f80   _PRB_LockIn_2ndB
10f05fcc   _PRB_Trk_i
10f05fd0   _PRB_Trk_ie
10f05fd4   _PRB_Trk_ref
10f05fc8   _PRB_Trk_state
10f05e50   _PRB_data_sumA
10f05e58   _PRB_data_sumB
10f05e24   _PRB_ki
10f05e60   _PRB_korrel_sum1stA
10f05ee0   _PRB_korrel_sum1stB
10f05ea0   _PRB_korrel_sum2ndA
10f05f20   _PRB_korrel_sum2ndB
10f06120   _PRB_lockin_restart_flg
10f05e40   _PRB_modindex
10f05e28   _PRB_norm2
10f05e2c   _PRB_ref1stA
10f05e34   _PRB_ref1stB
10f05e30   _PRB_ref2ndA
10f05e38   _PRB_ref2ndB
10f0611c   _PRB_section_count
10f05a00   _PRB_sintab
10f05e1c   _PRB_store_nx
10f05e10   _PRB_store_nx_finish
10f05e00   _PRB_store_nx_init
10f06684   _Q15
10f06680   _Q15L
10f0667c   _Q30
10f0844c   _QEP_ON
10f06e20   _QEP_cnt
10f06658   _QEP_cnt_old
10807534   _ResetMcBSP0
1080a380   _SR3A810ISR
10f06660   _SUM_QEP_cnt_Diff
108072e0   _SetMcBSPclock
108072c0   _SetMcBSPwords
80000000   _Signal1
803d0900   _Signal2
10f06d48   _SignalToFilter
10f08400   _SineOut0
10e0f244   _SineSDB
10e0f150   _SquareRoot_SDB
10809dcc   _StartPLL
10e0e140   _TSCInit
10e0e0c0   _TSCReadFirst
10e0e0e0   _TSCReadSecond
10f08350   _Tau_PAC
10f083e0   _TemLL
10809d44   _TestAmpPIResp_HL
10807928   _TestFlash_HL
10809cc0   _TestPhasePIResp_HL
10f08438   _TimerTemp
10f05f98   _VP_sec_count
10f05fd8   _VP_sec_end_buffer
10f05f88   _VP_sec_int0
10f05f90   _VP_sec_int1
108079e0   _WR_GPIO
10f06c2c   _Z_data_buffer
10f07ea8   __STACK_END
00001000   __STACK_SIZE
00000001   __TI_args_main
10f06e88   ___TI_enable_exit_profile_output
ffffffff   ___TI_pprof_out_hndl
ffffffff   ___TI_prof_data_size
ffffffff   ___TI_prof_data_start
ffffffff   ___binit__
10f082f8   ___bss__
ffffffff   ___c_args__
ffffffff   ___cinit__
10f0420c   ___data__
10f0420c   ___edata__
10f0844e   ___end__
10e0e6c0   ___etext__
ffffffff   ___pinit__
10e09000   ___text__
10e0e4c0   __args_main
10e0de00   __auto_init
10e0dee0   __c6xabi_divi
10f06e80   __cleanup_ptr
10e0dee0   __divi
10e0e180   __divli
10e0dca0   __divlli
10e0db00   __divul
10e0d420   __divull
10f06e84   __dtors_ptr
10e0e2c0   __llshl
10e0e340   __llshr
10e0e3a0   __llshru
10f06ea0   __lock
10e0e540   __negll
10e0e560   __nop
10f06ea8   __stack
10e0e400   __subcull
10f06ea4   __unlock
10f08340   _a
10f08428   _a2
10f051dc   _a810_config
10e0e580   _abort
10e0b380   _add_probe_vector
10800cd0   _adjust_signal_input
10f08338   _amp
10f083a0   _amp_estimation
10f05348   _analog
10f06e70   _app_ci_signum
10f0581c   _autoapp
10f08344   _b
10f0842c   _b2
10f08300   _blcklen
10f0668c   _blcklen_mem
1080512c   _buffer_probe_section_end_data_srcs
10f067d8   _bz_byte_pos
10804168   _bz_init
10f06790   _bz_last
10e0c0d4   _bz_push
10e0c728   _bz_push_area_scan_data_out
10f06c28   _bz_push_mode
10e0e460   _c_int00
10e0e5a0   _calc_mix_log
10f08308   _ci1
10f08424   _ci2
10e0ae54   _clear_probe_data_srcs
10e0bdcc   _clear_summing_data
10e0ef04   _computeDeltas
10e0eb40   _computephase_amp
10802c94   _configure_DSP_GP_PINS
10e0a978   _copy32
10f083b0   _corrmax_Amp
10f08398   _corrmax_Phase
10f083a8   _corrmin_Amp
10f08390   _corrmin_Phase
10f08304   _cr1
10f08420   _cr2
10f083a4   _ctrlmode_Amp
10f08388   _ctrlmode_Phase
10f0832c   _dI
10f08330   _dR
10f08354   _d_mu_e
10f06134   _d_tmp
10f0572c   _data_sync_io
10807c80   _datafifo
10e0a564   _dataprocess
10f08418   _delayRef
10f08318   _deltaImT
10f08314   _deltaReT
10f08310   _deltasIm1
10f0830c   _deltasRe1
10f08328   _dephasecorr
10e0a04c   _dp_task_001
10e09ea0   _dp_task_002
10e09b40   _dp_task_003
10e098ec   _dp_task_004
10e098b0   _dp_task_005
10e098a0   _dp_task_006
10e094ec   _dp_task_007
10e093b0   _dp_task_008
10e09348   _dp_task_009
10e09264   _dp_task_010
10e09160   _dp_task_011
10e09060   _dp_task_012
10f066c0   _dp_task_list
10802c4c   _dsp_590MHz
10802c04   _dsp_688MHz
10e0cb20   _dsp_idle_loop
807a12c8   _dsp_signal_lookup
10802aa8   _enablePll1
10f0840c   _errorMAC
10f083c8   _errorPI_Amp
10f08374   _errorPI_Phase
10f0834c   _errordet
10e0dfc0   _exit
10f05268   _feedback_mixer
10802410   _fill_magic
108045b0   _finish_area_scan
108078c8   _flash_erase
108078ac   _flash_read16
10807874   _flash_seek
10807820   _flash_write16
10f06668   _gate_cnt
10f06670   _gate_cnt_1
10f0666c   _gate_cnt_multiplier
10f083c4   _icoef_Amp
10f08370   _icoef_Phase
10806a4c   _idle_task_001
10806a00   _idle_task_002
10806984   _idle_task_003
10806980   _idle_task_004
1080686c   _idle_task_005
10806728   _idle_task_006
108066d0   _idle_task_007
10806668   _idle_task_008
1080652c   _idle_task_009
10806340   _idle_task_010
10806284   _idle_task_011
108061f0   _idle_task_012
10806100   _idle_task_013
10805fe8   _idle_task_014
10805cac   _idle_task_015
10805ca8   _idle_task_016
10805c74   _idle_task_017
10805c00   _idle_task_018
10805bf8   _idle_task_019
10805bf4   _idle_task_020
10805bf0   _idle_task_021
10805bec   _idle_task_022
10805be8   _idle_task_023
10805be4   _idle_task_024
10805be0   _idle_task_025
10805bd8   _idle_task_026
10805bd4   _idle_task_027
10805ae4   _idle_task_028
10805ae0   _idle_task_029
10805a20   _idle_task_030
108059e4   _idle_task_031
108059a0   _idle_task_032
10f04e40   _idle_task_list
108077e8   _init_CR_out_pulse
10804264   _init_area_scan
10807220   _init_autoapp
108056c4   _init_lockin
10e0d400   _init_offset_move
108055d4   _init_probe
108055b0   _init_probe_fifo
10805580   _init_probe_module
10e0d8c0   _initiate_McBSP_transfer
10e0bbe0   _integrate_as_data_srcs
10e0aa24   _integrate_probe_data_srcs
10f08414   _ioING
10f08410   _ioOUTG
10f06e00   _iobuf
10f06e90   _ldc_wait
10f08320   _limitHighTan
10f08324   _limitLowTan
10e0e500   _llabs
10f05594   _m_servo
10f13f00   _magic
108025b0   _main
10f0612c   _max_out_ch
10f083d0   _memI_Amp
10f08378   _memI_Phase
10e0e220   _memcpy
10f04218   _mix_setpoint_old
10f066a0   _mm_vec
10f05618   _move
10e09000   _mul32
10e0abb0   _next_section
10805244   _next_track_vector
10f06cf8   _offsetDisplay
10f06d08   _outmix_display
10f082f8   _pSignal1
10f082fc   _pSignal2
10f083c0   _pcoef_Amp
10f0836c   _pcoef_Phase
10f08334   _phase
10e0e9e8   _phasedetect
10e0e6c0   _phasedetect2
10f06674   _pipi
10f08380   _pout
10f083d8   _poutAmp
10f15000   _prbdf
10f14000   _prbvh
10f08348   _predict
10f05748   _probe
10804f7c   _probe_append_header_and_positionvector
10809c98   _probe_datafifo
10805578   _probe_restore
10805574   _probe_store
10806848   _process_mode_clr
10806824   _process_mode_set
10e0be20   _push_area_scan_data
10800000   _query_signal_input
10f04e38   _randomnum
10f06148   _recorder_dec_sum
10f0613c   _recorder_decc
10f06140   _recorder_deci
10f06150   _recorder_s1_buffer
108022a4   _restore_configuration_from_flash
10f066b0   _result_vec
10f04638   _rms_I2_pipe64
10f04238   _rms_I_pipe
10f04230   _rms_pipi
10f06d18   _rndOut
10f067dc   _rt_fifo_i
10f067e0   _rt_fifo_ix
10f067e4   _rt_fifo_j
10f067e8   _rt_fifo_push_data
10807664   _run_CR_out_pulse
10803328   _run_area_scan
10802ce0   _run_area_scan_fast
108071f0   _run_autoapp
10e0b624   _run_lockin
10e0ca10   _run_next_priority_job
10e0c8a0   _run_next_sync_job
10806a60   _run_next_sync_job_precision
10e0d1a0   _run_offset_move
10e0aecc   _run_one_time_step
10e0b4c0   _run_probe
10806ea8   _run_tip_app
10806d00   _run_wave_play
10f06130   _s_xymult
10f0564c   _scan
10f06678   _scnt
10f055b8   _sco_s
10f06650   _sdt
10f06654   _sdt_16
10f083b8   _setpoint_Amp
10f083fc   _setpoint_Phase
10f04210   _setpoint_old
10800aac   _setup_default_signal_configuration
10f083e8   _shftDC64
10f083f0   _shftDC64_2
10f058f8   _sig_mon
10f06550   _sigma_delta_hr_mask
10f06128   _sigma_delta_index
10f0422c   _sleepcount
10e0d04c   _start_Analog810
10800a8c   _start_Analog810_HL
10f04ed0   _state
10e0ce20   _stop_Analog810
10800a6c   _stop_Analog810_HL
10807600   _stop_CR_out_pulse
10806c40   _stop_autoapp
10805108   _stop_lockin
108050d4   _stop_probe
10800810   _store_configuration_to_flash
10804620   _store_probe_data_srcs
10f08364   _targetPhase
10f0841c   _testcodePLL
10f06138   _tmp_hrbits
10f06e74   _tmp_i
10f06e78   _tmp_s
10f051e8   _user_input_signal_array
10f0831c   _volumeSine
10e0e0a0   _wait
10e0a9a0   _wait_for_trigger
10f06e7c   _waveptr
10f06690   _xy_vec
10f05570   _z_servo
ffffffff   binit
ffffffff   cinit
10f0420c   edata
10f0844e   end
10e0e6c0   etext
ffffffff   pinit


GLOBAL SYMBOLS: SORTED BY Symbol Address 

address    name
--------   ----
00000001   __TI_args_main
00001000   __STACK_SIZE
10800000   _query_signal_input
10800810   _store_configuration_to_flash
10800a6c   _stop_Analog810_HL
10800a8c   _start_Analog810_HL
10800aac   _setup_default_signal_configuration
10800cd0   _adjust_signal_input
108022a4   _restore_configuration_from_flash
10802410   _fill_magic
108025b0   _main
10802aa8   _enablePll1
10802c04   _dsp_688MHz
10802c4c   _dsp_590MHz
10802c94   _configure_DSP_GP_PINS
10802ce0   _run_area_scan_fast
10803328   _run_area_scan
10804168   _bz_init
10804264   _init_area_scan
108045b0   _finish_area_scan
10804620   _store_probe_data_srcs
10804f7c   _probe_append_header_and_positionvector
108050d4   _stop_probe
10805108   _stop_lockin
1080512c   _buffer_probe_section_end_data_srcs
10805244   _next_track_vector
10805574   _probe_store
10805578   _probe_restore
10805580   _init_probe_module
108055b0   _init_probe_fifo
108055d4   _init_probe
108056c4   _init_lockin
108059a0   _idle_task_032
108059e4   _idle_task_031
10805a20   _idle_task_030
10805ae0   _idle_task_029
10805ae4   _idle_task_028
10805bd4   _idle_task_027
10805bd8   _idle_task_026
10805be0   _idle_task_025
10805be4   _idle_task_024
10805be8   _idle_task_023
10805bec   _idle_task_022
10805bf0   _idle_task_021
10805bf4   _idle_task_020
10805bf8   _idle_task_019
10805c00   _idle_task_018
10805c74   _idle_task_017
10805ca8   _idle_task_016
10805cac   _idle_task_015
10805fe8   _idle_task_014
10806100   _idle_task_013
108061f0   _idle_task_012
10806284   _idle_task_011
10806340   _idle_task_010
1080652c   _idle_task_009
10806668   _idle_task_008
108066d0   _idle_task_007
10806728   _idle_task_006
10806824   _process_mode_set
10806848   _process_mode_clr
1080686c   _idle_task_005
10806980   _idle_task_004
10806984   _idle_task_003
10806a00   _idle_task_002
10806a4c   _idle_task_001
10806a60   _run_next_sync_job_precision
10806c40   _stop_autoapp
10806d00   _run_wave_play
10806ea8   _run_tip_app
108071f0   _run_autoapp
10807220   _init_autoapp
108072c0   _SetMcBSPwords
108072e0   _SetMcBSPclock
10807300   _InitMcBSP0_in_RP_FPGA_Mode
10807534   _ResetMcBSP0
108075c4   _DebugMcBSP0
10807600   _stop_CR_out_pulse
10807664   _run_CR_out_pulse
108077e8   _init_CR_out_pulse
10807820   _flash_write16
10807874   _flash_seek
108078ac   _flash_read16
108078c8   _flash_erase
10807928   _TestFlash_HL
108079e0   _WR_GPIO
10807c80   _datafifo
10809c98   _probe_datafifo
10809cc0   _TestPhasePIResp_HL
10809d44   _TestAmpPIResp_HL
10809dcc   _StartPLL
1080a284   _OutputSignalSetUp_HL
1080a2ec   _LMSResponse_HL
1080a334   _ChangeFreqHL
1080a380   _SR3A810ISR
10e09000   .text
10e09000   ___text__
10e09000   _mul32
10e09060   _dp_task_012
10e09160   _dp_task_011
10e09264   _dp_task_010
10e09348   _dp_task_009
10e093b0   _dp_task_008
10e094ec   _dp_task_007
10e098a0   _dp_task_006
10e098b0   _dp_task_005
10e098ec   _dp_task_004
10e09b40   _dp_task_003
10e09ea0   _dp_task_002
10e0a04c   _dp_task_001
10e0a564   _dataprocess
10e0a978   _copy32
10e0a9a0   _wait_for_trigger
10e0aa24   _integrate_probe_data_srcs
10e0abb0   _next_section
10e0ae54   _clear_probe_data_srcs
10e0aecc   _run_one_time_step
10e0b380   _add_probe_vector
10e0b4c0   _run_probe
10e0b624   _run_lockin
10e0bbe0   _integrate_as_data_srcs
10e0bdcc   _clear_summing_data
10e0be20   _push_area_scan_data
10e0c0d4   _bz_push
10e0c728   _bz_push_area_scan_data_out
10e0c8a0   _run_next_sync_job
10e0ca10   _run_next_priority_job
10e0cb20   _dsp_idle_loop
10e0ce20   _stop_Analog810
10e0ce4c   _InitDMA
10e0d04c   _start_Analog810
10e0d1a0   _run_offset_move
10e0d400   _init_offset_move
10e0d420   __divull
10e0d680   _LogFunctionASM
10e0d8c0   _initiate_McBSP_transfer
10e0d9f4   _McBSP1TX_INT
10e0da6c   _McBSP1RX_INT
10e0db00   __divul
10e0dca0   __divlli
10e0de00   __auto_init
10e0dee0   __c6xabi_divi
10e0dee0   __divi
10e0dfc0   _exit
10e0e0a0   _wait
10e0e0c0   _TSCReadFirst
10e0e0e0   _TSCReadSecond
10e0e140   _TSCInit
10e0e180   __divli
10e0e220   _memcpy
10e0e2c0   __llshl
10e0e340   __llshr
10e0e3a0   __llshru
10e0e400   __subcull
10e0e460   _c_int00
10e0e4c0   __args_main
10e0e500   _llabs
10e0e540   __negll
10e0e560   __nop
10e0e580   C$$EXIT
10e0e580   _abort
10e0e5a0   _calc_mix_log
10e0e6c0   ___etext__
10e0e6c0   _phasedetect2
10e0e6c0   etext
10e0e9a0   _DelayForRef
10e0e9e8   _phasedetect
10e0eb40   _computephase_amp
10e0ef04   _computeDeltas
10e0f150   _SquareRoot_SDB
10e0f244   _SineSDB
10e0f460   _PICorrectorAmp
10e0f574   _PICorrector
10e0f664   _DataprocessPLL
10f0420c   .data
10f0420c   ___data__
10f0420c   ___edata__
10f0420c   edata
10f04210   _setpoint_old
10f04218   _mix_setpoint_old
10f04228   _AIC_stop_mode
10f0422c   _sleepcount
10f04230   _rms_pipi
10f04238   _rms_I_pipe
10f04638   _rms_I2_pipe64
10f04e38   _randomnum
10f04e40   _idle_task_list
10f04ed0   _state
10f051dc   _a810_config
10f051e8   _user_input_signal_array
10f05268   _feedback_mixer
10f05348   _analog
10f05570   _z_servo
10f05594   _m_servo
10f055b8   _sco_s
10f05618   _move
10f0564c   _scan
10f0572c   _data_sync_io
10f05748   _probe
10f0581c   _autoapp
10f05898   _CR_out_pulse
10f058c4   _CR_generic_io
10f058f8   _sig_mon
10f05a00   _PRB_sintab
10f05e00   _PRB_store_nx_init
10f05e10   _PRB_store_nx_finish
10f05e1c   _PRB_store_nx
10f05e20   _AC_tab_inc
10f05e24   _PRB_ki
10f05e28   _PRB_norm2
10f05e2c   _PRB_ref1stA
10f05e30   _PRB_ref2ndA
10f05e34   _PRB_ref1stB
10f05e38   _PRB_ref2ndB
10f05e3c   _PRB_AveCount
10f05e40   _PRB_modindex
10f05e44   _PRB_ACPhIdxA
10f05e48   _PRB_ACPhIdxB
10f05e4c   _PRB_ACPhIdxdBA
10f05e50   _PRB_data_sumA
10f05e58   _PRB_data_sumB
10f05e60   _PRB_korrel_sum1stA
10f05ea0   _PRB_korrel_sum2ndA
10f05ee0   _PRB_korrel_sum1stB
10f05f20   _PRB_korrel_sum2ndB
10f05f60   _PRB_LockIn_0
10f05f68   _PRB_LockIn_1stA
10f05f70   _PRB_LockIn_1stB
10f05f78   _PRB_LockIn_2ndA
10f05f80   _PRB_LockIn_2ndB
10f05f88   _VP_sec_int0
10f05f90   _VP_sec_int1
10f05f98   _VP_sec_count
10f05fa0   _PRB_AIC_data_sum
10f05fc4   _PRB_AIC_num_samples
10f05fc8   _PRB_Trk_state
10f05fcc   _PRB_Trk_i
10f05fd0   _PRB_Trk_ie
10f05fd4   _PRB_Trk_ref
10f05fd8   _VP_sec_end_buffer
10f06118   _GPIO_subsample
10f0611c   _PRB_section_count
10f06120   _PRB_lockin_restart_flg
10f06128   _sigma_delta_index
10f0612c   _max_out_ch
10f06130   _s_xymult
10f06134   _d_tmp
10f06138   _tmp_hrbits
10f0613c   _recorder_decc
10f06140   _recorder_deci
10f06148   _recorder_dec_sum
10f06150   _recorder_s1_buffer
10f06550   _sigma_delta_hr_mask
10f06650   _sdt
10f06654   _sdt_16
10f06658   _QEP_cnt_old
10f06660   _SUM_QEP_cnt_Diff
10f06668   _gate_cnt
10f0666c   _gate_cnt_multiplier
10f06670   _gate_cnt_1
10f06674   _pipi
10f06678   _scnt
10f0667c   _Q30
10f06680   _Q15L
10f06684   _Q15
10f06688   _AbsIn
10f0668c   _blcklen_mem
10f06690   _xy_vec
10f066a0   _mm_vec
10f066b0   _result_vec
10f066c0   _dp_task_list
10f066f8   _AS_ip
10f066fc   _AS_jp
10f06700   _AS_kp
10f06704   _AS_mod
10f06708   _AS_ch2nd_scan_switch
10f0670c   _AS_ch2nd_constheight_enabled
10f06710   _AS_deltasRe
10f06714   _AS_deltasIm
10f06718   _AS_cr
10f0671c   _AS_ci
10f06720   _AS_sdnx
10f06724   _AS_cr2
10f06728   _AS_ci2
10f06730   _AS_amplitude
10f06738   _AS_offset
10f06740   _AS_AIC_data_sum
10f06788   _AS_AIC_num_samples
10f06790   _bz_last
10f067d8   _bz_byte_pos
10f067dc   _rt_fifo_i
10f067e0   _rt_fifo_ix
10f067e4   _rt_fifo_j
10f067e8   _rt_fifo_push_data
10f06c28   _bz_push_mode
10f06c2c   _Z_data_buffer
10f06c30   _CoeffTan_1
10f06c40   _CoeffTan_1Low
10f06c58   _CoeffTan_1High
10f06c70   _InputRef1
10f06c88   _InputRef2
10f06ca0   _CoeffSin
10f06cc8   _ClipMin
10f06cd8   _ClipMax
10f06ce8   _GainOutput
10f06cf8   _offsetDisplay
10f06d08   _outmix_display
10f06d18   _rndOut
10f06d28   _MemLL
10f06d48   _SignalToFilter
10f06d58   _Filter64Out
10f06d68   _InputRef1_2
10f06d80   _InputRef2_2
10f06d98   _McBSP_words_per_frame
10f06d9c   _McBSP_frame_element
10f06da0   _McBSP_word_count
10f06da4   _McBSP_enabled
10f06da8   _McBSP_clkdiv
10f06db0   _McBSP_data
10f06df0   _McBSP_transmitted_words
10f06df4   _McBSP_received_words
10f06df8   _McBSP_debug_mode
10f06dfc   _McBSP_schedule_pending_count
10f06e00   _iobuf
10f06e20   _QEP_cnt
10f06e28   _CH0
10f06e38   _CH1
10f06e48   _CH2
10f06e50   _CoeffLog
10f06e70   _app_ci_signum
10f06e74   _tmp_i
10f06e78   _tmp_s
10f06e7c   _waveptr
10f06e80   __cleanup_ptr
10f06e84   __dtors_ptr
10f06e88   ___TI_enable_exit_profile_output
10f06e90   _ldc_wait
10f06e98   _FB_ReadAddress
10f06e9c   _FB_WriteAddress
10f06ea0   __lock
10f06ea4   __unlock
10f06ea8   __stack
10f07ea8   __STACK_END
10f082f8   $bss
10f082f8   .bss
10f082f8   ___bss__
10f082f8   _pSignal1
10f082fc   _pSignal2
10f08300   _blcklen
10f08304   _cr1
10f08308   _ci1
10f0830c   _deltasRe1
10f08310   _deltasIm1
10f08314   _deltaReT
10f08318   _deltaImT
10f0831c   _volumeSine
10f08320   _limitHighTan
10f08324   _limitLowTan
10f08328   _dephasecorr
10f0832c   _dI
10f08330   _dR
10f08334   _phase
10f08338   _amp
10f08340   _a
10f08344   _b
10f08348   _predict
10f0834c   _errordet
10f08350   _Tau_PAC
10f08354   _d_mu_e
10f08358   _MemDC
10f0835c   _MemDCSIN
10f08360   _MemDCCOS
10f08364   _targetPhase
10f08368   _PI_Phase_Out
10f0836c   _pcoef_Phase
10f08370   _icoef_Phase
10f08374   _errorPI_Phase
10f08378   _memI_Phase
10f08380   _pout
10f08388   _ctrlmode_Phase
10f08390   _corrmin_Phase
10f08398   _corrmax_Phase
10f083a0   _amp_estimation
10f083a4   _ctrlmode_Amp
10f083a8   _corrmin_Amp
10f083b0   _corrmax_Amp
10f083b8   _setpoint_Amp
10f083bc   _AmpCorrOut
10f083c0   _pcoef_Amp
10f083c4   _icoef_Amp
10f083c8   _errorPI_Amp
10f083d0   _memI_Amp
10f083d8   _poutAmp
10f083e0   _TemLL
10f083e8   _shftDC64
10f083ec   _MaskDC64
10f083f0   _shftDC64_2
10f083f4   _MaskDC64_2
10f083f8   _InputFiltered
10f083fc   _setpoint_Phase
10f08400   _SineOut0
10f08404   _LPSelect_Phase
10f08408   _LPSelect_Amp
10f0840c   _errorMAC
10f08410   _ioOUTG
10f08414   _ioING
10f08418   _delayRef
10f0841c   _testcodePLL
10f0841e   _Mode2F
10f08420   _cr2
10f08424   _ci2
10f08428   _a2
10f0842c   _b2
10f08430   _MemDCSIN2
10f08434   _MemDCCOS2
10f08438   _TimerTemp
10f0843c   _MeasuredTime
10f08440   _MaxTime
10f08444   _MinTime
10f08448   _FreqDiv
10f0844a   _ADCRange
10f0844c   _QEP_ON
10f0844e   ___end__
10f0844e   end
10f13f00   _magic
10f14000   _prbvh
10f15000   _prbdf
80000000   _Signal1
803d0900   _Signal2
807a1200   _PLL_lookup
807a12c8   _dsp_signal_lookup
ffffffff   ___TI_pprof_out_hndl
ffffffff   ___TI_prof_data_size
ffffffff   ___TI_prof_data_start
ffffffff   ___binit__
ffffffff   ___c_args__
ffffffff   ___cinit__
ffffffff   ___pinit__
ffffffff   binit
ffffffff   cinit
ffffffff   pinit

[441 symbols]
