******************************************************************************
               TMS320C6x Linker Unix v7.0.4                    
******************************************************************************
>> Linked Sun Jan 20 12:11:39 2019

OUTPUT FILE NAME:   <FB_spmcontrol.out>
ENTRY POINT SYMBOL: "_c_int00"  address: 10e0df80


MEMORY CONFIGURATION

         name            origin    length      used     unused   attr    fill
----------------------  --------  ---------  --------  --------  ----  --------
  L2RAM                 10800000   00020000  0000a360  00015ca0  RWIX
  L1PRAM_Vector         10e080a0   00000160  00000160  00000000  R  X
  L1PRAM_Kernel         10e08200   00000e00  00000000  00000e00  R  X
  L1PRAM                10e09000   00007000  000067c0  00000840  R  X
  L1DRAM_MailBox        10f04000   0000020c  00000000  0000020c  RWI 
  L1DRAM                10f0420c   0000fcf4  00003a46  0000c2ae  RWI 
  L1DRAM_M              10f13f00   00000100  00000078  00000088  RWI 
  L1DRAM_V              10f14000   00001000  00000044  00000fbc  RWI 
  L1DRAM_F              10f15000   00002f00  00000002  00002efe  RWI 
  FLASH                 42000000   02000000  00000000  02000000  R   
  ETHER                 44000000   02000000  00000000  02000000  RW  
  FPGA                  46000000   02000000  00000000  02000000  RW  
  DDR2                  80000000   07000000  007a1480  0685eb80  RWI 
  DDR2M                 87000000   00001000  00000000  00001000  RW X
  DDR2V                 87001000   0001f000  00000000  0001f000  RW X
  DDR2F                 87100000   00f00000  00000000  00f00000  RW X


SECTION ALLOCATION MAP

 output                                  attributes/
section   page    origin      length       input sections
--------  ----  ----------  ----------   ----------------
.text:slow 
*          0    10800000    00007c60     
                  10800000    00003220     FB_spm.obj (.text:slow)
                  10803220    000019c0     FB_spm_areascan.obj (.text:slow)
                  10804be0    00001680     FB_spm_probe.obj (.text:slow)
                  10806260    00000ae0     FB_spm_statemaschine.obj (.text:slow)
                  10806d40    00000640     FB_spm_autoapproach.obj (.text:slow)
                  10807380    00000340     mcbsp_support.obj (.text:slow)
                  108076c0    00000220     FB_spm_CoolRunner_puls.obj (.text:slow)
                  108078e0    000001c0     SR3_flash_support.obj (.text:slow)
                  10807aa0    00000020     ReadWrite_GPIO.obj (.text:slow)
                  10807ac0    00000020     FB_spm_offsetmove.obj ($Tramp$L$PI$$_init_offset_move)
                  10807ae0    00000020     spm_log.obj ($Tramp$L$PI$$_calc_mix_log)
                  10807b00    00000020     rts64plus.lib : imath64.obj ($Tramp$L$PI$$__divlli)
                  10807b20    00000020                   : divi.obj ($Tramp$L$PI$$__divi)
                  10807b40    00000020     FB_spm_areascan.obj ($Tramp$L$PI$$_push_area_scan_data)
                  10807b60    00000020     FB_spm_areascan.obj ($Tramp$L$PI$$_integrate_as_data_srcs)
                  10807b80    00000020     PAC_pll.lib : SR3PRO_PLLAPI.obj ($Tramp$L$PI$$_SineSDB)
                  10807ba0    00000020     FB_spm_areascan.obj ($Tramp$L$PI$$_bz_push)
                  10807bc0    00000020     timerasm.obj ($Tramp$L$PI$$_wait)
                  10807be0    00000020     timerasm.obj ($Tramp$L$PI$$_TSCReadFirst)
                  10807c00    00000020     timerasm.obj ($Tramp$L$PI$$_TSCInit)
                  10807c20    00000020     SR3PRO_A810Driver.lib : SR3PRO_A810_Main.obj ($Tramp$L$PI$$_start_Analog810)
                  10807c40    00000020                           : SR3PRO_A810_Main.obj ($Tramp$L$PI$$_stop_Analog810)

FIFO_DATA 
*          0    10807c60    00002040     UNINITIALIZED
                  10807c60    00002040     FB_spm.obj (FIFO_DATA)

.text:slow_PLL 
*          0    10809ca0    000006c0     
                  10809ca0    000006c0     PAC_pll.lib : SR3PRO_PLLAPI.obj (.text:slow_PLL)

.vectors   0    10e080a0    00000160     
                  10e080a0    00000160     vector.obj (.vectors)

.text      0    10e09000    00005200     
                  10e09000    00001900     dataprocess.obj (.text)
                  10e0a900    00001120     FB_spm_probe.obj (.text)
                  10e0ba20    00000d00     FB_spm_areascan.obj (.text)
                  10e0c720    000005c0     SR3PRO_A810Driver.lib : SR3PRO_A810_Main.obj (.text)
                  10e0cce0    00000280     FB_spm_offsetmove.obj (.text)
                  10e0cf60    00000260     rts64plus.lib : imath64.obj (.text:__divull)
                  10e0d1c0    00000240     LogAsmSR3Pro.obj (.text)
                  10e0d400    00000220     mcbsp_support.obj (.text)
                  10e0d620    000001a0     rts64plus.lib : imath40.obj (.text:__divul)
                  10e0d7c0    00000160                   : imath64.obj (.text:__divlli)
                  10e0d920    000000e0                   : autoinit.obj (.text:__auto_init)
                  10e0da00    000000e0                   : divi.obj (.text:__divi)
                  10e0dae0    000000e0                   : exit.obj (.text:_exit)
                  10e0dbc0    000000e0     timerasm.obj (.text)
                  10e0dca0    000000a0     rts64plus.lib : imath40.obj (.text:__divli)
                  10e0dd40    000000a0                   : memcpy64.obj (.text:_memcpy)
                  10e0dde0    00000080                   : llshift.obj (.text:__llshl)
                  10e0de60    00000060                   : llshift.obj (.text:__llshr)
                  10e0dec0    00000060                   : llshift.obj (.text:__llshru)
                  10e0df20    00000060                   : imath64.obj (.text:__subcull)
                  10e0df80    00000060                   : boot.obj (.text:_c_int00)
                  10e0dfe0    00000040                   : args_main.obj (.text:__args_main)
                  10e0e020    00000040                   : abs.obj (.text:_llabs)
                  10e0e060    00000020                   : negll.obj (.text:__negll)
                  10e0e080    00000020                   : _lock.obj (.text:__nop)
                  10e0e0a0    00000020                   : exit.obj (.text:_abort)
                  10e0e0c0    00000020     spm_log.obj (.text)
                  10e0e0e0    00000020     FB_spm_probe.obj ($Tramp$L$PI$$_probe_append_header_and_positionvector)
                  10e0e100    00000020     FB_spm_probe.obj ($Tramp$L$PI$$_next_track_vector)
                  10e0e120    00000020     FB_spm_probe.obj ($Tramp$L$PI$$_next_section)
                  10e0e140    00000020     FB_spm_probe.obj ($Tramp$L$PI$$_store_probe_data_srcs)
                  10e0e160    00000020     ReadWrite_GPIO.obj ($Tramp$L$PI$$_WR_GPIO)
                  10e0e180    00000020     FB_spm_autoapproach.obj ($Tramp$L$PI$$_run_autoapp)
                  10e0e1a0    00000020     FB_spm_CoolRunner_puls.obj ($Tramp$L$PI$$_run_CR_out_pulse)
                  10e0e1c0    00000020     FB_spm_areascan.obj ($Tramp$L$PI$$_run_area_scan_fast)
                  10e0e1e0    00000020     FB_spm_areascan.obj ($Tramp$L$PI$$_run_area_scan)

.text:fast_PLL 
*          0    10e0e200    000015c0     
                  10e0e200    000015c0     PAC_pll.lib : SR3PRO_PLLAPI.obj (.text:fast_PLL)

.data      0    10f0420c    00000000     UNINITIALIZED

.cinit     0    10f04210    0000244c     COPY SECTION
                  10f04210    00000bd0     FB_spm.obj (.cinit)
                  10f04de0    000012bc     dataprocess.obj (.cinit)
                  10f0609c    00000004     --HOLE--
                  10f060a0    00000044     FB_spm_statemaschine.obj (.cinit)
                  10f060e4    00000004     --HOLE--
                  10f060e8    00000010     FB_spm_offsetmove.obj (.cinit)
                  10f060f8    0000002c     FB_spm_autoapproach.obj (.cinit)
                  10f06124    00000004     --HOLE--
                  10f06128    00000414     FB_spm_probe.obj (.cinit)
                  10f0653c    00000004     --HOLE--
                  10f06540    00000028     spm_log.obj (.cinit)
                  10f06568    0000001c     SR3_flash_support.obj (.cinit)
                  10f06584    00000004     --HOLE--
                  10f06588    0000007c     mcbsp_support.obj (.cinit)
                  10f06604    00000004     --HOLE--
                  10f06608    0000002c     rts64plus.lib : exit.obj (.cinit)
                  10f06634    00000004     --HOLE--
                  10f06638    0000001c                   : _lock.obj (.cinit)
                  10f06654    00000004     --HOLE--
                  10f06658    00000004     --HOLE-- [fill = 0]

.far       0    10f04210    00002478     UNINITIALIZED
                  10f04210    000011c8     dataprocess.obj (.far)
                  10f053d8    00000844     FB_spm.obj (.far)
                  10f05c1c    00000004     --HOLE--
                  10f05c20    00000724     FB_spm_probe.obj (.far)
                  10f06344    00000004     --HOLE--
                  10f06348    00000164     PAC_pll.lib : SR3PRO_PLLAPI.obj (.far)
                  10f064ac    00000004     --HOLE--
                  10f064b0    000000ec     FB_spm_areascan.obj (.far)
                  10f0659c    00000004     --HOLE--
                  10f065a0    0000004c     SR3PRO_A810Driver.lib : SR3PRO_A810_Main.obj (.far)
                  10f065ec    00000004     --HOLE--
                  10f065f0    00000020     FB_spm_statemaschine.obj (.far)
                  10f06610    00000020     mcbsp_support.obj (.far)
                  10f06630    00000020     spm_log.obj (.far)
                  10f06650    00000010     FB_spm_autoapproach.obj (.far)
                  10f06660    0000000c     rts64plus.lib : exit.obj (.far)
                  10f0666c    00000004     --HOLE--
                  10f06670    00000008     FB_spm_offsetmove.obj (.far)
                  10f06678    00000008     SR3_flash_support.obj (.far)
                  10f06680    00000008     rts64plus.lib : _lock.obj (.far)

.stack     0    10f06688    00001000     UNINITIALIZED
                  10f06688    00000008     rts64plus.lib : boot.obj (.stack)
                  10f06690    00000ff8     --HOLE--

.switch    0    10f07688    00000478     
                  10f07688    000001f4     FB_spm.obj (.switch:_adjust_signal_input)
                  10f0787c    00000160     FB_spm.obj (.switch:_query_signal_input)
                  10f079dc    000000b8     FB_spm_statemaschine.obj (.switch:_dsp_idle_loop)
                  10f07a94    0000002c     dataprocess.obj (.switch:_dataprocess)
                  10f07ac0    0000001c     FB_spm_areascan.obj (.switch:_run_area_scan)
                  10f07adc    00000014     FB_spm_autoapproach.obj (.switch:_run_tip_app)
                  10f07af0    00000010     FB_spm_areascan.obj (.switch:_run_area_scan_fast)

.bss       0    10f07b00    00000156     UNINITIALIZED
                  10f07b00    00000140     PAC_pll.lib : SR3PRO_PLLAPI.obj (.bss)
                  10f07c40    00000010     timerasm.obj (.bss)
                  10f07c50    00000006     SR3PRO_A810Driver.lib : SR3PRO_A810_Main.obj (.bss)

MAGIC      0    10f13f00    00000078     UNINITIALIZED
                  10f13f00    00000078     FB_spm.obj (MAGIC)

PRBVH      0    10f14000    00000044     UNINITIALIZED
                  10f14000    00000044     FB_spm.obj (PRBVH)

PRBDF      0    10f15000    00000002     UNINITIALIZED
                  10f15000    00000002     FB_spm.obj (PRBDF)

PLLBuffers 
*          0    80000000    007a1200     UNINITIALIZED
                  80000000    007a1200     PAC_pll.lib : SR3PRO_PLLAPI.obj (PLLBuffers)

SMAGIC     0    807a1200    00000280     UNINITIALIZED
                  807a1200    00000280     FB_spm.obj (SMAGIC)


FAR CALL TRAMPOLINES

callee name               trampoline name
   callee addr  tramp addr   call addr  call info
--------------  -----------  ---------  ----------------
$.text:slow:FB_spm_probe.obj$0x974  $Tramp$L$PI$$_probe_append_header_and_positionvector
   10805554     10e0e0e0     10e0ae4c   FB_spm_probe.obj (.text)
$.text:slow:FB_spm_probe.obj$0xf00  $Tramp$L$PI$$_next_track_vector
   10805ae0     10e0e100     10e0ade8   FB_spm_probe.obj (.text)
$.text:slow:FB_spm_probe.obj$0xc20  $Tramp$L$PI$$_next_section
   10805800     10e0e120     10e0ade4   FB_spm_probe.obj (.text)
$.text:slow:FB_spm_probe.obj$0x0  $Tramp$L$PI$$_store_probe_data_srcs
   10804be0     10e0e140     10e0ad8c   FB_spm_probe.obj (.text)
$.text:slow:ReadWrite_GPIO.obj$0x0  $Tramp$L$PI$$_WR_GPIO
   10807aa0     10e0e160     10e0ac4c   FB_spm_probe.obj (.text)
$.text:slow:FB_spm_autoapproach.obj$0x588  $Tramp$L$PI$$_run_autoapp
   108072c8     10e0e180     10e0a768   dataprocess.obj (.text)
$.text:slow:FB_spm_CoolRunner_puls.obj$0x64  $Tramp$L$PI$$_run_CR_out_pulse
   10807724     10e0e1a0     10e0a734   dataprocess.obj (.text)
$.text:slow:FB_spm_areascan.obj$0x68  $Tramp$L$PI$$_run_area_scan_fast
   10803288     10e0e1c0     10e09b80   dataprocess.obj (.text)
$.text:slow:FB_spm_areascan.obj$0x82c  $Tramp$L$PI$$_run_area_scan
   10803a4c     10e0e1e0     10e09ae8   dataprocess.obj (.text)
$.text:FB_spm_offsetmove.obj$0x260  $Tramp$L$PI$$_init_offset_move
   10e0cf40     10807ac0     10806478   FB_spm_statemaschine.obj (.text:slow)
$.text:spm_log.obj$0x0    $Tramp$L$PI$$_calc_mix_log
   10e0e0c0     10807ae0     10806338   FB_spm_statemaschine.obj (.text:slow)
                             108063a0   FB_spm_statemaschine.obj (.text:slow)
$.text:__divlli:rts64plus.lib<imath64.obj>$0x0  $Tramp$L$PI$$__divlli
   10e0d7c0     10807b00     10805790   FB_spm_probe.obj (.text:slow)
                             108057ac   FB_spm_probe.obj (.text:slow)
                             108058ec   FB_spm_probe.obj (.text:slow)
                             10805910   FB_spm_probe.obj (.text:slow)
$.text:__divi:rts64plus.lib<divi.obj>$0x0  $Tramp$L$PI$$__divi
   10e0da00     10807b20     10804e94   FB_spm_probe.obj (.text:slow)
                             10804f24   FB_spm_probe.obj (.text:slow)
                             10804f74   FB_spm_probe.obj (.text:slow)
                             10804fc0   FB_spm_probe.obj (.text:slow)
                             10805010   FB_spm_probe.obj (.text:slow)
                             10805058   FB_spm_probe.obj (.text:slow)
                             108050ac   FB_spm_probe.obj (.text:slow)
                             108050f4   FB_spm_probe.obj (.text:slow)
                             1080514c   FB_spm_probe.obj (.text:slow)
$.text:FB_spm_areascan.obj$0x860  $Tramp$L$PI$$_push_area_scan_data
   10e0c280     10807b40     10803508   FB_spm_areascan.obj (.text:slow)
                             10803770   FB_spm_areascan.obj (.text:slow)
                             10803fa8   FB_spm_areascan.obj (.text:slow)
                             10803fe0   FB_spm_areascan.obj (.text:slow)
                             1080426c   FB_spm_areascan.obj (.text:slow)
                             108042a4   FB_spm_areascan.obj (.text:slow)
                             108046e0   FB_spm_areascan.obj (.text:slow)
                             108046ec   FB_spm_areascan.obj (.text:slow)
$.text:FB_spm_areascan.obj$0x0  $Tramp$L$PI$$_integrate_as_data_srcs
   10e0ba20     10807b60     108033d4   FB_spm_areascan.obj (.text:slow)
                             10803700   FB_spm_areascan.obj (.text:slow)
                             10803db8   FB_spm_areascan.obj (.text:slow)
                             1080456c   FB_spm_areascan.obj (.text:slow)
$.text:fast_PLL:PAC_pll.lib<SR3PRO_PLLAPI.obj>$0xb84  $Tramp$L$PI$$_SineSDB
   10e0ed84     10807b80     10803318   FB_spm_areascan.obj (.text:slow)
$.text:FB_spm_areascan.obj$0x1cc  $Tramp$L$PI$$_bz_push
   10e0bbec     10807ba0     10803228   FB_spm_areascan.obj (.text:slow)
                             1080326c   FB_spm_areascan.obj (.text:slow)
                             10803484   FB_spm_areascan.obj (.text:slow)
                             108034b4   FB_spm_areascan.obj (.text:slow)
                             108035e4   FB_spm_areascan.obj (.text:slow)
                             10803614   FB_spm_areascan.obj (.text:slow)
                             108038a8   FB_spm_areascan.obj (.text:slow)
                             108038d8   FB_spm_areascan.obj (.text:slow)
                             108039f0   FB_spm_areascan.obj (.text:slow)
                             10803a24   FB_spm_areascan.obj (.text:slow)
                             10803ce4   FB_spm_areascan.obj (.text:slow)
                             10803d14   FB_spm_areascan.obj (.text:slow)
                             10804130   FB_spm_areascan.obj (.text:slow)
                             10804168   FB_spm_areascan.obj (.text:slow)
                             10804354   FB_spm_areascan.obj (.text:slow)
                             108043a4   FB_spm_areascan.obj (.text:slow)
                             10804660   FB_spm_areascan.obj (.text:slow)
                             108046ac   FB_spm_areascan.obj (.text:slow)
$.text:timerasm.obj$0x0   $Tramp$L$PI$$_wait
   10e0dbc0     10807bc0     10802d98   FB_spm.obj (.text:slow)
                             10802de0   FB_spm.obj (.text:slow)
                             10802e48   FB_spm.obj (.text:slow)
                             10802e80   FB_spm.obj (.text:slow)
                             10802e94   FB_spm.obj (.text:slow)
                             10802ef0   FB_spm.obj (.text:slow)
                             10802f38   FB_spm.obj (.text:slow)
                             10802fa8   FB_spm.obj (.text:slow)
                             10802fe0   FB_spm.obj (.text:slow)
                             10802ff4   FB_spm.obj (.text:slow)
                             10803080   FB_spm.obj (.text:slow)
                             108030c4   FB_spm.obj (.text:slow)
                             10803130   FB_spm.obj (.text:slow)
                             10803168   FB_spm.obj (.text:slow)
                             10803180   FB_spm.obj (.text:slow)
                             1080751c   mcbsp_support.obj (.text:slow)
                             10807534   mcbsp_support.obj (.text:slow)
                             10807550   mcbsp_support.obj (.text:slow)
                             108075a8   mcbsp_support.obj (.text:slow)
$.text:timerasm.obj$0x20  $Tramp$L$PI$$_TSCReadFirst
   10e0dbe0     10807be0     10802d48   FB_spm.obj (.text:slow)
$.text:timerasm.obj$0xa0  $Tramp$L$PI$$_TSCInit
   10e0dc60     10807c00     10802ca8   FB_spm.obj (.text:slow)
$.text:SR3PRO_A810Driver.lib<SR3PRO_A810_Main.obj>$0x22c  $Tramp$L$PI$$_start_Analog810
   10e0c94c     10807c20     10800a90   FB_spm.obj (.text:slow)
                             10802ce8   FB_spm.obj (.text:slow)
                             10806ae4   FB_spm_statemaschine.obj (.text:slow)
                             10806cfc   FB_spm_statemaschine.obj (.text:slow)
$.text:SR3PRO_A810Driver.lib<SR3PRO_A810_Main.obj>$0x0  $Tramp$L$PI$$_stop_Analog810
   10e0c720     10807c40     10800a70   FB_spm.obj (.text:slow)
                             10806aa8   FB_spm_statemaschine.obj (.text:slow)
                             10806ab4   FB_spm_statemaschine.obj (.text:slow)
                             10806ad0   FB_spm_statemaschine.obj (.text:slow)


GLOBAL SYMBOLS: SORTED ALPHABETICALLY BY Name 

address    name
--------   ----
10f07b00   $bss
10f07b00   .bss
10f0420c   .data
10e09000   .text
10e0e0a0   C$$EXIT
10f06040   _AC_tab_inc
10f07c52   _ADCRange
10f06608   _AIC_stop_mode
10f064f8   _AS_AIC_data_sum
10f06540   _AS_AIC_num_samples
10f064e8   _AS_amplitude
10f064c4   _AS_ch2nd_constheight_enabled
10f064c0   _AS_ch2nd_scan_switch
10f064d4   _AS_ci
10f064e0   _AS_ci2
10f064d0   _AS_cr
10f064dc   _AS_cr2
10f064cc   _AS_deltasIm
10f064c8   _AS_deltasRe
10f064b0   _AS_ip
10f064b4   _AS_jp
10f064b8   _AS_kp
10f064bc   _AS_mod
10f064f0   _AS_offset
10f064d8   _AS_sdnx
10f0539c   _AbsIn
10f07bc4   _AmpCorrOut
10f065c8   _CH0
10f065d8   _CH1
10f065e8   _CH2
10f05ae4   _CR_generic_io
10f05ab8   _CR_out_pulse
1080a314   _ChangeFreqHL
10f063f0   _ClipMax
10f063e0   _ClipMin
10f06630   _CoeffLog
10f063b8   _CoeffSin
10f06348   _CoeffTan_1
10f06370   _CoeffTan_1High
10f06358   _CoeffTan_1Low
10e0f1a4   _DataprocessPLL
10807684   _DebugMcBSP0
10e0e4e0   _DelayForRef
10f06678   _FB_ReadAddress
10f0667c   _FB_WriteAddress
10f06470   _Filter64Out
10f07c50   _FreqDiv
10f06338   _GPIO_subsample
10f06400   _GainOutput
10f04210   _IdleTimeTmp
10e0c74c   _InitDMA
10807434   _InitMcBSP0_InSPIMode
10f07c00   _InputFiltered
10f06388   _InputRef1
10f06480   _InputRef1_2
10f063a0   _InputRef2
10f06498   _InputRef2_2
1080a2cc   _LMSResponse_HL
10f07c10   _LPSelect_Amp
10f07c0c   _LPSelect_Phase
10e0d1c0   _LogFunctionASM
10f07bf4   _MaskDC64
10f07bfc   _MaskDC64_2
10f07c48   _MaxTime
10e0d5a0   _McBSP1RX_INT
10e0d52c   _McBSP1TX_INT
10f07c44   _MeasuredTime
10f07b60   _MemDC
10f07b68   _MemDCCOS
10f07c3c   _MemDCCOS2
10f07b64   _MemDCSIN
10f07c38   _MemDCSIN2
10f06440   _MemLL
10f07c4c   _MinTime
10f07c26   _Mode2F
1080a264   _OutputSignalSetUp_HL
10e0f0b4   _PICorrector
10e0efa0   _PICorrectorAmp
10f07b70   _PI_Phase_Out
807a1200   _PLL_lookup
10f06064   _PRB_ACPhIdxA
10f06068   _PRB_ACPhIdxB
10f0606c   _PRB_ACPhIdxdBA
10f061c0   _PRB_AIC_data_sum
10f061e4   _PRB_AIC_num_samples
10f0605c   _PRB_AveCount
10f06180   _PRB_LockIn_0
10f06188   _PRB_LockIn_1stA
10f06190   _PRB_LockIn_1stB
10f06198   _PRB_LockIn_2ndA
10f061a0   _PRB_LockIn_2ndB
10f061ec   _PRB_Trk_i
10f061f0   _PRB_Trk_ie
10f061f4   _PRB_Trk_ref
10f061e8   _PRB_Trk_state
10f06070   _PRB_data_sumA
10f06078   _PRB_data_sumB
10f06044   _PRB_ki
10f06080   _PRB_korrel_sum1stA
10f06100   _PRB_korrel_sum1stB
10f060c0   _PRB_korrel_sum2ndA
10f06140   _PRB_korrel_sum2ndB
10f06340   _PRB_lockin_restart_flg
10f06060   _PRB_modindex
10f06048   _PRB_norm2
10f0604c   _PRB_ref1stA
10f06054   _PRB_ref1stB
10f06050   _PRB_ref2ndA
10f06058   _PRB_ref2ndB
10f0633c   _PRB_section_count
10f05c20   _PRB_sintab
10f0603c   _PRB_store_nx
10f06030   _PRB_store_nx_finish
10f06020   _PRB_store_nx_init
10f05398   _Q15
10f05394   _Q15L
10f05390   _Q30
10f07c54   _QEP_ON
10f065c0   _QEP_cnt
10f05368   _QEP_cnt_old
108073c4   _ResetMcBSP0
10f06620   _SPI_clkdiv
10f0662c   _SPI_debug_mode
10f0661c   _SPI_enabled
10f06614   _SPI_frame_element
10f06628   _SPI_received_words
10f06624   _SPI_transmitted_words
10f06618   _SPI_word_count
10f06610   _SPI_words_per_frame
10e0ca94   _SR3A810ISR
10f05370   _SUM_QEP_cnt_Diff
108073a4   _SetSPIclock
10807380   _SetSPIwords
80000000   _Signal1
803d0900   _Signal2
10f06460   _SignalToFilter
10f07c08   _SineOut0
10e0ed84   _SineSDB
10e0ec90   _SquareRoot_SDB
10809dac   _StartPLL
10e0dc60   _TSCInit
10e0dbe0   _TSCReadFirst
10e0dc00   _TSCReadSecond
10f07b58   _Tau_PAC
10f07be8   _TemLL
10809d24   _TestAmpPIResp_HL
108079e8   _TestFlash_HL
10809ca0   _TestPhasePIResp_HL
10f07c40   _TimerTemp
10f061b8   _VP_sec_count
10f061f8   _VP_sec_end_buffer
10f061a8   _VP_sec_int0
10f061b0   _VP_sec_int1
10807aa0   _WR_GPIO
10f06598   _Z_data_buffer
10f07688   __STACK_END
00001000   __STACK_SIZE
00000001   __TI_args_main
10f06668   ___TI_enable_exit_profile_output
ffffffff   ___TI_pprof_out_hndl
ffffffff   ___TI_prof_data_size
ffffffff   ___TI_prof_data_start
ffffffff   ___binit__
10f07b00   ___bss__
ffffffff   ___c_args__
ffffffff   ___cinit__
10f0420c   ___data__
10f0420c   ___edata__
10f07c56   ___end__
10e0e200   ___etext__
ffffffff   ___pinit__
10e09000   ___text__
10e0dfe0   __args_main
10e0d920   __auto_init
10e0da00   __c6xabi_divi
10f06660   __cleanup_ptr
10e0da00   __divi
10e0dca0   __divli
10e0d7c0   __divlli
10e0d620   __divul
10e0cf60   __divull
10f06664   __dtors_ptr
10e0dde0   __llshl
10e0de60   __llshr
10e0dec0   __llshru
10f06680   __lock
10e0e060   __negll
10e0e080   __nop
10f06688   __stack
10e0df20   __subcull
10f06684   __unlock
10f07b48   _a
10f07c30   _a2
10f05410   _a810_config
10e0e0a0   _abort
10e0b020   _add_probe_vector
10800ce4   _adjust_signal_input
10f07b40   _amp
10f07ba8   _amp_estimation
10f05578   _analog
10f06650   _app_ci_signum
10f05a3c   _autoapp
10f07b4c   _b
10f07c34   _b2
10f07b08   _blcklen
10f053a4   _blcklen_mem
108056e8   _buffer_probe_section_end_data_srcs
10f06590   _bz_byte_pos
10804788   _bz_init
10f06548   _bz_last
10e0bbec   _bz_push
10f06594   _bz_push_mode
10e0df80   _c_int00
10e0e0c0   _calc_mix_log
10f07b10   _ci1
10f07c2c   _ci2
10e0ab10   _clear_probe_data_srcs
10e0c228   _clear_summing_data
10e0ea44   _computeDeltas
10e0e680   _computephase_amp
108031d0   _configure_DSP_GP_PINS
10f07bb8   _corrmax_Amp
10f07ba0   _corrmax_Phase
10f07bb0   _corrmin_Amp
10f07b98   _corrmin_Phase
10f07b0c   _cr1
10f07c28   _cr2
10f07bac   _ctrlmode_Amp
10f07b90   _ctrlmode_Phase
10f07b34   _dI
10f07b38   _dR
10f07b5c   _d_mu_e
10f04e44   _d_tmp
10f0594c   _data_sync_io
10807c60   _datafifo
10e09060   _dataprocess
10f07c20   _delayRef
10f07b20   _deltaImT
10f07b1c   _deltaReT
10f07b18   _deltasIm1
10f07b14   _deltasRe1
10f07b30   _dephasecorr
1080304c   _dsp_590MHz
10802ec0   _dsp_688MHz
10806260   _dsp_idle_loop
807a12c8   _dsp_signal_lookup
10802d64   _enablePll1
10f07c14   _errorMAC
10f07bd0   _errorPI_Amp
10f07b7c   _errorPI_Phase
10f07b54   _errordet
10e0dae0   _exit
10f05384   _feedback_hold
10f05498   _feedback_mixer
108026f0   _fill_magic
10803220   _finish_area_scan
10807988   _flash_erase
1080796c   _flash_read16
10807934   _flash_seek
108078e0   _flash_write16
10f05378   _gate_cnt
10f05380   _gate_cnt_1
10f0537c   _gate_cnt_multiplier
10f07bcc   _icoef_Amp
10f07b78   _icoef_Phase
108078a8   _init_CR_out_pulse
10804844   _init_area_scan
108072f0   _init_autoapp
10805e60   _init_lockin
10e0cf40   _init_offset_move
10806144   _init_probe
10805e38   _init_probe_fifo
10805e08   _init_probe_module
10e0ba20   _integrate_as_data_srcs
10e0a984   _integrate_probe_data_srcs
10f07c1c   _ioING
10f07c18   _ioOUTG
10f065a0   _iobuf
10f06670   _ldc_wait
10f07b28   _limitHighTan
10f07b2c   _limitLowTan
10e0e020   _llabs
10f057c4   _m_servo
10f13f00   _magic
10802890   _main
10f04e3c   _max_out_ch
10f07bd8   _memI_Amp
10f07b80   _memI_Phase
10e0dd40   _memcpy
10f065f8   _mix_setpoint_old
10f053b8   _mm_vec
10f05848   _move
10e09000   _mul32
10805800   _next_section
10805ae0   _next_track_vector
10f06410   _offsetDisplay
10f06420   _outmix_display
10f07b00   _pSignal1
10f07b04   _pSignal2
10f07bc8   _pcoef_Amp
10f07b74   _pcoef_Phase
10f07b3c   _phase
10e0e528   _phasedetect
10e0e200   _phasedetect2
10f05388   _pipi
10f07b88   _pout
10f07be0   _poutAmp
10f15000   _prbdf
10f14000   _prbvh
10f07b50   _predict
10f05968   _probe
10805554   _probe_append_header_and_positionvector
10809c78   _probe_datafifo
10805e04   _probe_restore
10805e00   _probe_store
10e0c280   _push_area_scan_data
10800000   _query_signal_input
10f053a0   _randomnum
10f04e58   _recorder_dec_sum
10f04e4c   _recorder_decc
10f04e50   _recorder_deci
10f04e60   _recorder_s1_buffer
10802584   _restore_configuration_from_flash
10f053c8   _result_vec
10f04638   _rms_I2_pipe64
10f04238   _rms_I_pipe
10f04230   _rms_pipi
10f04228   _rmssum
10f04220   _rmssum2
10f06430   _rndOut
10807724   _run_CR_out_pulse
10803a4c   _run_area_scan
10803288   _run_area_scan_fast
108072c8   _run_autoapp
10e0b474   _run_lockin
10e0cce0   _run_offset_move
10e0ab84   _run_one_time_step
10e0b160   _run_probe
10806f98   _run_tip_app
10806e00   _run_wave_play
10f04e40   _s_xymult
10f0587c   _scan
10f0538c   _scnt
10f057e8   _sco_s
10f05360   _sdt
10f05364   _sdt_16
10f07bc0   _setpoint_Amp
10f07c04   _setpoint_Phase
10f065f0   _setpoint_old
10800aac   _setup_default_signal_configuration
10f07bf0   _shftDC64
10f07bf8   _shftDC64_2
10f05b18   _sig_mon
10f05260   _sigma_delta_hr_mask
10f04e38   _sigma_delta_index
10f0660c   _sleepcount
10e0c94c   _start_Analog810
10800a8c   _start_Analog810_HL
10e0d400   _start_McBSP_transfer
10f053d8   _state
10e0c720   _stop_Analog810
10800a6c   _stop_Analog810_HL
108076c0   _stop_CR_out_pulse
10806d40   _stop_autoapp
1080553c   _stop_lockin
108056ac   _stop_probe
10800810   _store_configuration_to_flash
10804be0   _store_probe_data_srcs
10f07b6c   _targetPhase
10f07c24   _testcodePLL
10f04e48   _tmp_hrbits
10f06654   _tmp_i
10f06658   _tmp_s
10f04218   _tmpsum
10f05418   _user_input_signal_array
10f07b24   _volumeSine
10e0dbc0   _wait
10e0a900   _wait_for_trigger
10f0665c   _waveptr
10f053a8   _xy_vec
10f057a0   _z_servo
ffffffff   binit
ffffffff   cinit
10f0420c   edata
10f07c56   end
10e0e200   etext
ffffffff   pinit


GLOBAL SYMBOLS: SORTED BY Symbol Address 

address    name
--------   ----
00000001   __TI_args_main
00001000   __STACK_SIZE
10800000   _query_signal_input
10800810   _store_configuration_to_flash
10800a6c   _stop_Analog810_HL
10800a8c   _start_Analog810_HL
10800aac   _setup_default_signal_configuration
10800ce4   _adjust_signal_input
10802584   _restore_configuration_from_flash
108026f0   _fill_magic
10802890   _main
10802d64   _enablePll1
10802ec0   _dsp_688MHz
1080304c   _dsp_590MHz
108031d0   _configure_DSP_GP_PINS
10803220   _finish_area_scan
10803288   _run_area_scan_fast
10803a4c   _run_area_scan
10804788   _bz_init
10804844   _init_area_scan
10804be0   _store_probe_data_srcs
1080553c   _stop_lockin
10805554   _probe_append_header_and_positionvector
108056ac   _stop_probe
108056e8   _buffer_probe_section_end_data_srcs
10805800   _next_section
10805ae0   _next_track_vector
10805e00   _probe_store
10805e04   _probe_restore
10805e08   _init_probe_module
10805e38   _init_probe_fifo
10805e60   _init_lockin
10806144   _init_probe
10806260   _dsp_idle_loop
10806d40   _stop_autoapp
10806e00   _run_wave_play
10806f98   _run_tip_app
108072c8   _run_autoapp
108072f0   _init_autoapp
10807380   _SetSPIwords
108073a4   _SetSPIclock
108073c4   _ResetMcBSP0
10807434   _InitMcBSP0_InSPIMode
10807684   _DebugMcBSP0
108076c0   _stop_CR_out_pulse
10807724   _run_CR_out_pulse
108078a8   _init_CR_out_pulse
108078e0   _flash_write16
10807934   _flash_seek
1080796c   _flash_read16
10807988   _flash_erase
108079e8   _TestFlash_HL
10807aa0   _WR_GPIO
10807c60   _datafifo
10809c78   _probe_datafifo
10809ca0   _TestPhasePIResp_HL
10809d24   _TestAmpPIResp_HL
10809dac   _StartPLL
1080a264   _OutputSignalSetUp_HL
1080a2cc   _LMSResponse_HL
1080a314   _ChangeFreqHL
10e09000   .text
10e09000   ___text__
10e09000   _mul32
10e09060   _dataprocess
10e0a900   _wait_for_trigger
10e0a984   _integrate_probe_data_srcs
10e0ab10   _clear_probe_data_srcs
10e0ab84   _run_one_time_step
10e0b020   _add_probe_vector
10e0b160   _run_probe
10e0b474   _run_lockin
10e0ba20   _integrate_as_data_srcs
10e0bbec   _bz_push
10e0c228   _clear_summing_data
10e0c280   _push_area_scan_data
10e0c720   _stop_Analog810
10e0c74c   _InitDMA
10e0c94c   _start_Analog810
10e0ca94   _SR3A810ISR
10e0cce0   _run_offset_move
10e0cf40   _init_offset_move
10e0cf60   __divull
10e0d1c0   _LogFunctionASM
10e0d400   _start_McBSP_transfer
10e0d52c   _McBSP1TX_INT
10e0d5a0   _McBSP1RX_INT
10e0d620   __divul
10e0d7c0   __divlli
10e0d920   __auto_init
10e0da00   __c6xabi_divi
10e0da00   __divi
10e0dae0   _exit
10e0dbc0   _wait
10e0dbe0   _TSCReadFirst
10e0dc00   _TSCReadSecond
10e0dc60   _TSCInit
10e0dca0   __divli
10e0dd40   _memcpy
10e0dde0   __llshl
10e0de60   __llshr
10e0dec0   __llshru
10e0df20   __subcull
10e0df80   _c_int00
10e0dfe0   __args_main
10e0e020   _llabs
10e0e060   __negll
10e0e080   __nop
10e0e0a0   C$$EXIT
10e0e0a0   _abort
10e0e0c0   _calc_mix_log
10e0e200   ___etext__
10e0e200   _phasedetect2
10e0e200   etext
10e0e4e0   _DelayForRef
10e0e528   _phasedetect
10e0e680   _computephase_amp
10e0ea44   _computeDeltas
10e0ec90   _SquareRoot_SDB
10e0ed84   _SineSDB
10e0efa0   _PICorrectorAmp
10e0f0b4   _PICorrector
10e0f1a4   _DataprocessPLL
10f0420c   .data
10f0420c   ___data__
10f0420c   ___edata__
10f0420c   edata
10f04210   _IdleTimeTmp
10f04218   _tmpsum
10f04220   _rmssum2
10f04228   _rmssum
10f04230   _rms_pipi
10f04238   _rms_I_pipe
10f04638   _rms_I2_pipe64
10f04e38   _sigma_delta_index
10f04e3c   _max_out_ch
10f04e40   _s_xymult
10f04e44   _d_tmp
10f04e48   _tmp_hrbits
10f04e4c   _recorder_decc
10f04e50   _recorder_deci
10f04e58   _recorder_dec_sum
10f04e60   _recorder_s1_buffer
10f05260   _sigma_delta_hr_mask
10f05360   _sdt
10f05364   _sdt_16
10f05368   _QEP_cnt_old
10f05370   _SUM_QEP_cnt_Diff
10f05378   _gate_cnt
10f0537c   _gate_cnt_multiplier
10f05380   _gate_cnt_1
10f05384   _feedback_hold
10f05388   _pipi
10f0538c   _scnt
10f05390   _Q30
10f05394   _Q15L
10f05398   _Q15
10f0539c   _AbsIn
10f053a0   _randomnum
10f053a4   _blcklen_mem
10f053a8   _xy_vec
10f053b8   _mm_vec
10f053c8   _result_vec
10f053d8   _state
10f05410   _a810_config
10f05418   _user_input_signal_array
10f05498   _feedback_mixer
10f05578   _analog
10f057a0   _z_servo
10f057c4   _m_servo
10f057e8   _sco_s
10f05848   _move
10f0587c   _scan
10f0594c   _data_sync_io
10f05968   _probe
10f05a3c   _autoapp
10f05ab8   _CR_out_pulse
10f05ae4   _CR_generic_io
10f05b18   _sig_mon
10f05c20   _PRB_sintab
10f06020   _PRB_store_nx_init
10f06030   _PRB_store_nx_finish
10f0603c   _PRB_store_nx
10f06040   _AC_tab_inc
10f06044   _PRB_ki
10f06048   _PRB_norm2
10f0604c   _PRB_ref1stA
10f06050   _PRB_ref2ndA
10f06054   _PRB_ref1stB
10f06058   _PRB_ref2ndB
10f0605c   _PRB_AveCount
10f06060   _PRB_modindex
10f06064   _PRB_ACPhIdxA
10f06068   _PRB_ACPhIdxB
10f0606c   _PRB_ACPhIdxdBA
10f06070   _PRB_data_sumA
10f06078   _PRB_data_sumB
10f06080   _PRB_korrel_sum1stA
10f060c0   _PRB_korrel_sum2ndA
10f06100   _PRB_korrel_sum1stB
10f06140   _PRB_korrel_sum2ndB
10f06180   _PRB_LockIn_0
10f06188   _PRB_LockIn_1stA
10f06190   _PRB_LockIn_1stB
10f06198   _PRB_LockIn_2ndA
10f061a0   _PRB_LockIn_2ndB
10f061a8   _VP_sec_int0
10f061b0   _VP_sec_int1
10f061b8   _VP_sec_count
10f061c0   _PRB_AIC_data_sum
10f061e4   _PRB_AIC_num_samples
10f061e8   _PRB_Trk_state
10f061ec   _PRB_Trk_i
10f061f0   _PRB_Trk_ie
10f061f4   _PRB_Trk_ref
10f061f8   _VP_sec_end_buffer
10f06338   _GPIO_subsample
10f0633c   _PRB_section_count
10f06340   _PRB_lockin_restart_flg
10f06348   _CoeffTan_1
10f06358   _CoeffTan_1Low
10f06370   _CoeffTan_1High
10f06388   _InputRef1
10f063a0   _InputRef2
10f063b8   _CoeffSin
10f063e0   _ClipMin
10f063f0   _ClipMax
10f06400   _GainOutput
10f06410   _offsetDisplay
10f06420   _outmix_display
10f06430   _rndOut
10f06440   _MemLL
10f06460   _SignalToFilter
10f06470   _Filter64Out
10f06480   _InputRef1_2
10f06498   _InputRef2_2
10f064b0   _AS_ip
10f064b4   _AS_jp
10f064b8   _AS_kp
10f064bc   _AS_mod
10f064c0   _AS_ch2nd_scan_switch
10f064c4   _AS_ch2nd_constheight_enabled
10f064c8   _AS_deltasRe
10f064cc   _AS_deltasIm
10f064d0   _AS_cr
10f064d4   _AS_ci
10f064d8   _AS_sdnx
10f064dc   _AS_cr2
10f064e0   _AS_ci2
10f064e8   _AS_amplitude
10f064f0   _AS_offset
10f064f8   _AS_AIC_data_sum
10f06540   _AS_AIC_num_samples
10f06548   _bz_last
10f06590   _bz_byte_pos
10f06594   _bz_push_mode
10f06598   _Z_data_buffer
10f065a0   _iobuf
10f065c0   _QEP_cnt
10f065c8   _CH0
10f065d8   _CH1
10f065e8   _CH2
10f065f0   _setpoint_old
10f065f8   _mix_setpoint_old
10f06608   _AIC_stop_mode
10f0660c   _sleepcount
10f06610   _SPI_words_per_frame
10f06614   _SPI_frame_element
10f06618   _SPI_word_count
10f0661c   _SPI_enabled
10f06620   _SPI_clkdiv
10f06624   _SPI_transmitted_words
10f06628   _SPI_received_words
10f0662c   _SPI_debug_mode
10f06630   _CoeffLog
10f06650   _app_ci_signum
10f06654   _tmp_i
10f06658   _tmp_s
10f0665c   _waveptr
10f06660   __cleanup_ptr
10f06664   __dtors_ptr
10f06668   ___TI_enable_exit_profile_output
10f06670   _ldc_wait
10f06678   _FB_ReadAddress
10f0667c   _FB_WriteAddress
10f06680   __lock
10f06684   __unlock
10f06688   __stack
10f07688   __STACK_END
10f07b00   $bss
10f07b00   .bss
10f07b00   ___bss__
10f07b00   _pSignal1
10f07b04   _pSignal2
10f07b08   _blcklen
10f07b0c   _cr1
10f07b10   _ci1
10f07b14   _deltasRe1
10f07b18   _deltasIm1
10f07b1c   _deltaReT
10f07b20   _deltaImT
10f07b24   _volumeSine
10f07b28   _limitHighTan
10f07b2c   _limitLowTan
10f07b30   _dephasecorr
10f07b34   _dI
10f07b38   _dR
10f07b3c   _phase
10f07b40   _amp
10f07b48   _a
10f07b4c   _b
10f07b50   _predict
10f07b54   _errordet
10f07b58   _Tau_PAC
10f07b5c   _d_mu_e
10f07b60   _MemDC
10f07b64   _MemDCSIN
10f07b68   _MemDCCOS
10f07b6c   _targetPhase
10f07b70   _PI_Phase_Out
10f07b74   _pcoef_Phase
10f07b78   _icoef_Phase
10f07b7c   _errorPI_Phase
10f07b80   _memI_Phase
10f07b88   _pout
10f07b90   _ctrlmode_Phase
10f07b98   _corrmin_Phase
10f07ba0   _corrmax_Phase
10f07ba8   _amp_estimation
10f07bac   _ctrlmode_Amp
10f07bb0   _corrmin_Amp
10f07bb8   _corrmax_Amp
10f07bc0   _setpoint_Amp
10f07bc4   _AmpCorrOut
10f07bc8   _pcoef_Amp
10f07bcc   _icoef_Amp
10f07bd0   _errorPI_Amp
10f07bd8   _memI_Amp
10f07be0   _poutAmp
10f07be8   _TemLL
10f07bf0   _shftDC64
10f07bf4   _MaskDC64
10f07bf8   _shftDC64_2
10f07bfc   _MaskDC64_2
10f07c00   _InputFiltered
10f07c04   _setpoint_Phase
10f07c08   _SineOut0
10f07c0c   _LPSelect_Phase
10f07c10   _LPSelect_Amp
10f07c14   _errorMAC
10f07c18   _ioOUTG
10f07c1c   _ioING
10f07c20   _delayRef
10f07c24   _testcodePLL
10f07c26   _Mode2F
10f07c28   _cr2
10f07c2c   _ci2
10f07c30   _a2
10f07c34   _b2
10f07c38   _MemDCSIN2
10f07c3c   _MemDCCOS2
10f07c40   _TimerTemp
10f07c44   _MeasuredTime
10f07c48   _MaxTime
10f07c4c   _MinTime
10f07c50   _FreqDiv
10f07c52   _ADCRange
10f07c54   _QEP_ON
10f07c56   ___end__
10f07c56   end
10f13f00   _magic
10f14000   _prbvh
10f15000   _prbdf
80000000   _Signal1
803d0900   _Signal2
807a1200   _PLL_lookup
807a12c8   _dsp_signal_lookup
ffffffff   ___TI_pprof_out_hndl
ffffffff   ___TI_prof_data_size
ffffffff   ___TI_prof_data_start
ffffffff   ___binit__
ffffffff   ___c_args__
ffffffff   ___cinit__
ffffffff   ___pinit__
ffffffff   binit
ffffffff   cinit
ffffffff   pinit

[387 symbols]
